Component: ARM Compiler 5.06 update 6 (build 750) Tool: armlink [4d35ed]

==============================================================================

Section Cross References

    startup_stm32f103xe.o(RESET) refers to startup_stm32f103xe.o(STACK) for __initial_sp
    startup_stm32f103xe.o(RESET) refers to startup_stm32f103xe.o(.text) for Reset_Handler
    startup_stm32f103xe.o(RESET) refers to stm32f1xx_it.o(i.NMI_Handler) for NMI_Handler
    startup_stm32f103xe.o(RESET) refers to stm32f1xx_it.o(i.HardFault_Handler) for HardFault_Handler
    startup_stm32f103xe.o(RESET) refers to stm32f1xx_it.o(i.MemManage_Handler) for MemManage_Handler
    startup_stm32f103xe.o(RESET) refers to stm32f1xx_it.o(i.BusFault_Handler) for BusFault_Handler
    startup_stm32f103xe.o(RESET) refers to stm32f1xx_it.o(i.UsageFault_Handler) for UsageFault_Handler
    startup_stm32f103xe.o(RESET) refers to stm32f1xx_it.o(i.SVC_Handler) for SVC_Handler
    startup_stm32f103xe.o(RESET) refers to stm32f1xx_it.o(i.DebugMon_Handler) for DebugMon_Handler
    startup_stm32f103xe.o(RESET) refers to stm32f1xx_it.o(i.PendSV_Handler) for PendSV_Handler
    startup_stm32f103xe.o(RESET) refers to stm32f1xx_it.o(i.SysTick_Handler) for SysTick_Handler
    startup_stm32f103xe.o(RESET) refers to stm32f1xx_it.o(i.EXTI4_IRQHandler) for EXTI4_IRQHandler
    startup_stm32f103xe.o(RESET) refers to stm32f1xx_it.o(i.DMA1_Channel1_IRQHandler) for DMA1_Channel1_IRQHandler
    startup_stm32f103xe.o(RESET) refers to stm32f1xx_it.o(i.DMA1_Channel2_IRQHandler) for DMA1_Channel2_IRQHandler
    startup_stm32f103xe.o(RESET) refers to stm32f1xx_it.o(i.DMA1_Channel3_IRQHandler) for DMA1_Channel3_IRQHandler
    startup_stm32f103xe.o(RESET) refers to stm32f1xx_it.o(i.DMA1_Channel4_IRQHandler) for DMA1_Channel4_IRQHandler
    startup_stm32f103xe.o(RESET) refers to stm32f1xx_it.o(i.DMA1_Channel6_IRQHandler) for DMA1_Channel6_IRQHandler
    startup_stm32f103xe.o(RESET) refers to stm32f1xx_it.o(i.DMA1_Channel7_IRQHandler) for DMA1_Channel7_IRQHandler
    startup_stm32f103xe.o(RESET) refers to stm32f1xx_it.o(i.ADC1_2_IRQHandler) for ADC1_2_IRQHandler
    startup_stm32f103xe.o(RESET) refers to stm32f1xx_it.o(i.USB_LP_CAN1_RX0_IRQHandler) for USB_LP_CAN1_RX0_IRQHandler
    startup_stm32f103xe.o(RESET) refers to stm32f1xx_it.o(i.EXTI9_5_IRQHandler) for EXTI9_5_IRQHandler
    startup_stm32f103xe.o(RESET) refers to stm32f1xx_it.o(i.I2C2_EV_IRQHandler) for I2C2_EV_IRQHandler
    startup_stm32f103xe.o(RESET) refers to stm32f1xx_it.o(i.USART1_IRQHandler) for USART1_IRQHandler
    startup_stm32f103xe.o(RESET) refers to stm32f1xx_it.o(i.USART2_IRQHandler) for USART2_IRQHandler
    startup_stm32f103xe.o(RESET) refers to stm32f1xx_it.o(i.USART3_IRQHandler) for USART3_IRQHandler
    startup_stm32f103xe.o(RESET) refers to stm32f1xx_it.o(i.TIM6_IRQHandler) for TIM6_IRQHandler
    startup_stm32f103xe.o(RESET) refers to stm32f1xx_it.o(i.TIM7_IRQHandler) for TIM7_IRQHandler
    startup_stm32f103xe.o(.text) refers to system_stm32f1xx.o(i.SystemInit) for SystemInit
    startup_stm32f103xe.o(.text) refers to entry.o(.ARM.Collect$$$$00000000) for __main
    common.o(i.CheckBtnLeft) refers to btn.o(i.BTN_Read_Left) for BTN_Read_Left
    common.o(i.CheckBtnLeft) refers to common.o(i.SystemModeCtrl) for SystemModeCtrl
    common.o(i.CheckBtnLeft) refers to common.o(.data) for .data
    common.o(i.CheckBtnRight) refers to btn.o(i.BTN_Read_Right) for BTN_Read_Right
    common.o(i.CheckBtnRight) refers to stm32f1xx_hal_tim.o(i.HAL_TIM_Base_Stop_IT) for HAL_TIM_Base_Stop_IT
    common.o(i.CheckBtnRight) refers to user_flash.o(i.UserFlashDataWrite) for UserFlashDataWrite
    common.o(i.CheckBtnRight) refers to stm32f1xx_hal_tim.o(i.HAL_TIM_Base_Start_IT) for HAL_TIM_Base_Start_IT
    common.o(i.CheckBtnRight) refers to ir_track.o(i.IR_Track_Init) for IR_Track_Init
    common.o(i.CheckBtnRight) refers to car_drive.o(i.CarCtrlInit) for CarCtrlInit
    common.o(i.CheckBtnRight) refers to car_drive.o(i.CarMotoCtrl) for CarMotoCtrl
    common.o(i.CheckBtnRight) refers to common.o(.data) for .data
    common.o(i.CheckBtnRight) refers to car_drive.o(.data) for g_CarConfig
    common.o(i.CheckBtnRight) refers to tim.o(.bss) for htim7
    common.o(i.CheckBtnRight) refers to ir_track.o(.bss) for g_TrackStatus
    common.o(i.GetUniqueID) refers to printfa.o(i.__0sprintf) for __2sprintf
    common.o(i.GetUniqueID) refers to common.o(.bss) for .bss
    common.o(i.HAL_TIM_PeriodElapsedCallback) refers to ir_track.o(i.IR_Track_Start) for IR_Track_Start
    common.o(i.HAL_TIM_PeriodElapsedCallback) refers to tim.o(.bss) for htim6
    common.o(i.HAL_TIM_PeriodElapsedCallback) refers to music.o(.data) for g_music_enable
    common.o(i.HAL_TIM_PeriodElapsedCallback) refers to common.o(.data) for .data
    common.o(i.InitUSBPort) refers to stm32f1xx_hal_gpio.o(i.HAL_GPIO_Init) for HAL_GPIO_Init
    common.o(i.InitUSBPort) refers to stm32f1xx_hal_gpio.o(i.HAL_GPIO_WritePin) for HAL_GPIO_WritePin
[...]
    HAL_I2C_MasterRxCpltCallback             0x08002947   Thumb Code     2  stm32f1xx_hal_i2c.o(i.HAL_I2C_MasterRxCpltCallback)
    HAL_I2C_MasterTxCpltCallback             0x08002949   Thumb Code     2  stm32f1xx_hal_i2c.o(i.HAL_I2C_MasterTxCpltCallback)
    HAL_I2C_MemRxCpltCallback                0x0800294b   Thumb Code     2  stm32f1xx_hal_i2c.o(i.HAL_I2C_MemRxCpltCallback)
    HAL_I2C_MemTxCpltCallback                0x0800294d   Thumb Code    84  oled_i2c.o(i.HAL_I2C_MemTxCpltCallback)
    HAL_I2C_Mem_Write_DMA                    0x080029a9   Thumb Code   384  stm32f1xx_hal_i2c.o(i.HAL_I2C_Mem_Write_DMA)
    HAL_I2C_MspInit                          0x08002b39   Thumb Code   140  i2c.o(i.HAL_I2C_MspInit)
    HAL_I2C_SlaveRxCpltCallback              0x08002bd9   Thumb Code     2  stm32f1xx_hal_i2c.o(i.HAL_I2C_SlaveRxCpltCallback)
    HAL_I2C_SlaveTxCpltCallback              0x08002bdb   Thumb Code     2  stm32f1xx_hal_i2c.o(i.HAL_I2C_SlaveTxCpltCallback)
    HAL_IncTick                              0x08002bdd   Thumb Code    12  stm32f1xx_hal.o(i.HAL_IncTick)
    HAL_Init                                 0x08002bed   Thumb Code    32  stm32f1xx_hal.o(i.HAL_Init)
    HAL_InitTick                             0x08002c11   Thumb Code    54  stm32f1xx_hal.o(i.HAL_InitTick)
    HAL_MspInit                              0x08002c51   Thumb Code    52  stm32f1xx_hal_msp.o(i.HAL_MspInit)
    HAL_NVIC_EnableIRQ                       0x08002c8d   Thumb Code    26  stm32f1xx_hal_cortex.o(i.HAL_NVIC_EnableIRQ)
    HAL_NVIC_SetPriority                     0x08002ca9   Thumb Code    60  stm32f1xx_hal_cortex.o(i.HAL_NVIC_SetPriority)
    HAL_NVIC_SetPriorityGrouping             0x08002ce9   Thumb Code    26  stm32f1xx_hal_cortex.o(i.HAL_NVIC_SetPriorityGrouping)
    HAL_PCDEx_PMAConfig                      0x08002d0d   Thumb Code    60  stm32f1xx_hal_pcd_ex.o(i.HAL_PCDEx_PMAConfig)
    HAL_PCDEx_SetConnectionState             0x08002d49   Thumb Code     2  usbd_conf.o(i.HAL_PCDEx_SetConnectionState)
    HAL_PCD_DataInStageCallback              0x08002d4b   Thumb Code    18  usbd_conf.o(i.HAL_PCD_DataInStageCallback)
    HAL_PCD_DataOutStageCallback             0x08002d5d   Thumb Code    20  usbd_conf.o(i.HAL_PCD_DataOutStageCallback)
    HAL_PCD_EP_Close                         0x08002d71   Thumb Code    76  stm32f1xx_hal_pcd.o(i.HAL_PCD_EP_Close)
    HAL_PCD_EP_ClrStall                      0x08002dbd   Thumb Code    92  stm32f1xx_hal_pcd.o(i.HAL_PCD_EP_ClrStall)
    HAL_PCD_EP_GetRxCount                    0x08003237   Thumb Code    18  stm32f1xx_hal_pcd.o(i.HAL_PCD_EP_GetRxCount)
    HAL_PCD_EP_Open                          0x08003249   Thumb Code    90  stm32f1xx_hal_pcd.o(i.HAL_PCD_EP_Open)
    HAL_PCD_EP_Receive                       0x080032a3   Thumb Code    46  stm32f1xx_hal_pcd.o(i.HAL_PCD_EP_Receive)
    HAL_PCD_EP_SetStall                      0x080032d1   Thumb Code   114  stm32f1xx_hal_pcd.o(i.HAL_PCD_EP_SetStall)
    HAL_PCD_EP_Transmit                      0x08003343   Thumb Code    48  stm32f1xx_hal_pcd.o(i.HAL_PCD_EP_Transmit)
    HAL_PCD_IRQHandler                       0x08003375   Thumb Code   308  stm32f1xx_hal_pcd.o(i.HAL_PCD_IRQHandler)
    HAL_PCD_Init                             0x080034a9   Thumb Code   218  stm32f1xx_hal_pcd.o(i.HAL_PCD_Init)
    HAL_PCD_MspInit                          0x08003585   Thumb Code    50  usbd_conf.o(i.HAL_PCD_MspInit)
    HAL_PCD_ResetCallback                    0x080035c1   Thumb Code    38  usbd_conf.o(i.HAL_PCD_ResetCallback)
    HAL_PCD_ResumeCallback                   0x080035e7   Thumb Code     8  usbd_conf.o(i.HAL_PCD_ResumeCallback)
    HAL_PCD_SOFCallback                      0x080035ef   Thumb Code     8  usbd_conf.o(i.HAL_PCD_SOFCallback)
    HAL_PCD_SetAddress                       0x080035f7   Thumb Code    40  stm32f1xx_hal_pcd.o(i.HAL_PCD_SetAddress)
    HAL_PCD_SetupStageCallback               0x0800361f   Thumb Code    14  usbd_conf.o(i.HAL_PCD_SetupStageCallback)
    HAL_PCD_Start                            0x0800362d   Thumb Code    50  stm32f1xx_hal_pcd.o(i.HAL_PCD_Start)
    HAL_PCD_SuspendCallback                  0x08003661   Thumb Code    30  usbd_conf.o(i.HAL_PCD_SuspendCallback)
    HAL_RCCEx_PeriphCLKConfig                0x08003685   Thumb Code   224  stm32f1xx_hal_rcc_ex.o(i.HAL_RCCEx_PeriphCLKConfig)
    HAL_RCC_ClockConfig                      0x08003771   Thumb Code   280  stm32f1xx_hal_rcc.o(i.HAL_RCC_ClockConfig)
    HAL_RCC_GetPCLK1Freq                     0x0800389d   Thumb Code    20  stm32f1xx_hal_rcc.o(i.HAL_RCC_GetPCLK1Freq)
    HAL_RCC_GetPCLK2Freq                     0x080038bd   Thumb Code    20  stm32f1xx_hal_rcc.o(i.HAL_RCC_GetPCLK2Freq)
    HAL_RCC_GetSysClockFreq                  0x080038dd   Thumb Code    58  stm32f1xx_hal_rcc.o(i.HAL_RCC_GetSysClockFreq)
    HAL_RCC_OscConfig                        0x08003929   Thumb Code   778  stm32f1xx_hal_rcc.o(i.HAL_RCC_OscConfig)
    HAL_SYSTICK_Config                       0x08003c49   Thumb Code    40  stm32f1xx_hal_cortex.o(i.HAL_SYSTICK_Config)
    HAL_TIMEx_BreakCallback                  0x08003c71   Thumb Code     2  stm32f1xx_hal_tim_ex.o(i.HAL_TIMEx_BreakCallback)
    HAL_TIMEx_CommutCallback                 0x08003c73   Thumb Code     2  stm32f1xx_hal_tim_ex.o(i.HAL_TIMEx_CommutCallback)
    HAL_TIMEx_ConfigBreakDeadTime            0x08003c75   Thumb Code    84  stm32f1xx_hal_tim_ex.o(i.HAL_TIMEx_ConfigBreakDeadTime)
    HAL_TIMEx_MasterConfigSynchronization    0x08003cc9   Thumb Code   104  stm32f1xx_hal_tim_ex.o(i.HAL_TIMEx_MasterConfigSynchronization)
    HAL_TIM_Base_Init                        0x08003d45   Thumb Code    90  stm32f1xx_hal_tim.o(i.HAL_TIM_Base_Init)
    HAL_TIM_Base_MspInit                     0x08003da1   Thumb Code   152  tim.o(i.HAL_TIM_Base_MspInit)
    HAL_TIM_Base_Start_IT                    0x08003e51   Thumb Code    88  stm32f1xx_hal_tim.o(i.HAL_TIM_Base_Start_IT)
    HAL_TIM_Base_Stop_IT                     0x08003ebd   Thumb Code    48  stm32f1xx_hal_tim.o(i.HAL_TIM_Base_Stop_IT)
    HAL_TIM_ConfigClockSource                0x08003eed   Thumb Code   220  stm32f1xx_hal_tim.o(i.HAL_TIM_ConfigClockSource)
    HAL_TIM_IC_CaptureCallback               0x08003fc9   Thumb Code     2  stm32f1xx_hal_tim.o(i.HAL_TIM_IC_CaptureCallback)
    HAL_TIM_IRQHandler                       0x08003fcb   Thumb Code   358  stm32f1xx_hal_tim.o(i.HAL_TIM_IRQHandler)
    HAL_TIM_MspPostInit                      0x08004131   Thumb Code   164  tim.o(i.HAL_TIM_MspPostInit)
    HAL_TIM_OC_DelayElapsedCallback          0x080041ed   Thumb Code     2  stm32f1xx_hal_tim.o(i.HAL_TIM_OC_DelayElapsedCallback)
    HAL_TIM_PWM_ConfigChannel                0x080041ef   Thumb Code   204  stm32f1xx_hal_tim.o(i.HAL_TIM_PWM_ConfigChannel)
    HAL_TIM_PWM_Init                         0x080042bb   Thumb Code    90  stm32f1xx_hal_tim.o(i.HAL_TIM_PWM_Init)
    HAL_TIM_PWM_MspInit                      0x08004315   Thumb Code     2  stm32f1xx_hal_tim.o(i.HAL_TIM_PWM_MspInit)
    HAL_TIM_PWM_PulseFinishedCallback        0x08004317   Thumb Code     2  stm32f1xx_hal_tim.o(i.HAL_TIM_PWM_PulseFinishedCallback)
    HAL_TIM_PWM_Start                        0x08004319   Thumb Code   160  stm32f1xx_hal_tim.o(i.HAL_TIM_PWM_Start)
    HAL_TIM_PWM_Stop                         0x080043cd   Thumb Code   114  stm32f1xx_hal_tim.o(i.HAL_TIM_PWM_Stop)
    HAL_TIM_PeriodElapsedCallback            0x08004449   Thumb Code    36  common.o(i.HAL_TIM_PeriodElapsedCallback)
    HAL_TIM_TriggerCallback                  0x08004481   Thumb Code     2  stm32f1xx_hal_tim.o(i.HAL_TIM_TriggerCallback)
    HAL_UARTEx_RxEventCallback               0x08004483   Thumb Code     2  stm32f1xx_hal_uart.o(i.HAL_UARTEx_RxEventCallback)
    HAL_UART_DMAStopRx                       0x08004485   Thumb Code    52  uart_dma.o(i.HAL_UART_DMAStopRx)
    HAL_UART_EndRxTransfer_IT                0x080044b9   Thumb Code    28  uart_dma.o(i.HAL_UART_EndRxTransfer_IT)
    HAL_UART_ErrorCallback                   0x080044d5   Thumb Code     2  uart_dma.o(i.HAL_UART_ErrorCallback)
    HAL_UART_IRQHandler                      0x080044d9   Thumb Code   616  stm32f1xx_hal_uart.o(i.HAL_UART_IRQHandler)
    HAL_UART_Init                            0x08004745   Thumb Code   100  stm32f1xx_hal_uart.o(i.HAL_UART_Init)
    HAL_UART_MspInit                         0x080047a9   Thumb Code   476  usart.o(i.HAL_UART_MspInit)
    HAL_UART_Receive_DMA                     0x080049a9   Thumb Code    28  stm32f1xx_hal_uart.o(i.HAL_UART_Receive_DMA)
    HAL_UART_Receive_IT                      0x080049c5   Thumb Code    28  stm32f1xx_hal_uart.o(i.HAL_UART_Receive_IT)
    HAL_UART_RxCpltCallback                  0x080049e1   Thumb Code   162  uart_dma.o(i.HAL_UART_RxCpltCallback)
    HAL_UART_RxHalfCpltCallback              0x08004a99   Thumb Code     2  stm32f1xx_hal_uart.o(i.HAL_UART_RxHalfCpltCallback)
    HAL_UART_Transmit                        0x08004a9b   Thumb Code   154  stm32f1xx_hal_uart.o(i.HAL_UART_Transmit)
    HAL_UART_Transmit_DMA                    0x08004b35   Thumb Code   106  stm32f1xx_hal_uart.o(i.HAL_UART_Transmit_DMA)
    HAL_UART_TxCpltCallback                  0x08004bad   Thumb Code    96  uart_dma.o(i.HAL_UART_TxCpltCallback)
    HAL_UART_TxHalfCpltCallback              0x08004c21   Thumb Code     2  stm32f1xx_hal_uart.o(i.HAL_UART_TxHalfCpltCallback)
    HardFault_Handler                        0x08004c23   Thumb Code     2  stm32f1xx_it.o(i.HardFault_Handler)
    I2C2_EV_IRQHandler                       0x08004c25   Thumb Code     6  stm32f1xx_it.o(i.I2C2_EV_IRQHandler)
    IR_Track_Init                            0x08005935   Thumb Code    70  ir_track.o(i.IR_Track_Init)
    IR_Track_Power_Off                       0x08005981   Thumb Code    12  ir_track.o(i.IR_Track_Power_Off)
    IR_Track_Power_On                        0x08005991   Thumb Code    10  ir_track.o(i.IR_Track_Power_On)
    IR_Track_Start                           0x080059a1   Thumb Code    12  ir_track.o(i.IR_Track_Start)
    KalmanFilter                             0x080059ed   Thumb Code   578  angle_kalman_filter.o(i.KalmanFilter)
    LEDCtrl                                  0x08005c35   Thumb Code    92  common.o(i.LEDCtrl)
    MX_ADC1_Init                             0x08005c95   Thumb Code   158  adc.o(i.MX_ADC1_Init)
    MX_DMA_Init                              0x08005d3d   Thumb Code   120  dma.o(i.MX_DMA_Init)
    MX_GPIO_Init                             0x08005db9   Thumb Code   368  gpio.o(i.MX_GPIO_Init)
    MX_I2C2_Init                             0x08005f41   Thumb Code    50  i2c.o(i.MX_I2C2_Init)
    MX_TIM1_Init                             0x08005f81   Thumb Code   192  tim.o(i.MX_TIM1_Init)
    MX_TIM3_Init                             0x08006049   Thumb Code   192  tim.o(i.MX_TIM3_Init)
    MX_TIM4_Init                             0x08006111   Thumb Code   192  tim.o(i.MX_TIM4_Init)
    MX_TIM6_Init                             0x080061d9   Thumb Code    62  tim.o(i.MX_TIM6_Init)
    MX_TIM7_Init                             0x08006221   Thumb Code    62  tim.o(i.MX_TIM7_Init)
    MX_USART1_UART_Init                      0x08006269   Thumb Code    48  usart.o(i.MX_USART1_UART_Init)
    MX_USART2_UART_Init                      0x080062a1   Thumb Code    48  usart.o(i.MX_USART2_UART_Init)
    MX_USART3_UART_Init                      0x080062d9   Thumb Code    48  usart.o(i.MX_USART3_UART_Init)
    MX_USB_DEVICE_Init                       0x08006311   Thumb Code    66  usb_device.o(i.MX_USB_DEVICE_Init)
    ManualCarCtrl                            0x08006365   Thumb Code    22  car_drive.o(i.ManualCarCtrl)
    MemManage_Handler                        0x08006381   Thumb Code     2  stm32f1xx_it.o(i.MemManage_Handler)
    MotoLeftBackCtrl                         0x08006385   Thumb Code    26  motor_drive.o(i.MotoLeftBackCtrl)
    MotoLeftFrontCtrl                        0x080063a5   Thumb Code    26  motor_drive.o(i.MotoLeftFrontCtrl)
    MotoRightBackCtrl                        0x080063c5   Thumb Code    26  motor_drive.o(i.MotoRightBackCtrl)
    MotoRightFrontCtrl                       0x080063e5   Thumb Code    26  motor_drive.o(i.MotoRightFrontCtrl)
    MusicProcess                             0x08006405   Thumb Code   174  music.o(i.MusicProcess)
    NMI_Handler                              0x080064bd   Thumb Code     2  stm32f1xx_it.o(i.NMI_Handler)
    PendSV_Handler                           0x0800686b   Thumb Code     2  stm32f1xx_it.o(i.PendSV_Handler)
    RcvDataFromUSB                           0x0800686d   Thumb Code    92  usb_uart.o(i.RcvDataFromUSB)
    SVC_Handler                              0x080068d1   Thumb Code     2  stm32f1xx_it.o(i.SVC_Handler)
    SendDataToUSB                            0x080068d5   Thumb Code    48  usb_uart.o(i.SendDataToUSB)
    ShowLED                                  0x08006909   Thumb Code    58  common.o(i.ShowLED)
    StartAllUartDMAReceive                   0x0800694d   Thumb Code    34  uart_dma.o(i.StartAllUartDMAReceive)
    StopAllMoto                              0x08006979   Thumb Code    70  motor_drive.o(i.StopAllMoto)
    SysTick_Handler                          0x080069c9   Thumb Code     4  stm32f1xx_it.o(i.SysTick_Handler)
    SystemClock_Config                       0x080069cd   Thumb Code   126  main.o(i.SystemClock_Config)
    SystemInit                               0x08006a4b   Thumb Code     2  system_stm32f1xx.o(i.SystemInit)
    SystemModeCtrl                           0x08006a4d   Thumb Code   102  common.o(i.SystemModeCtrl)
    System_Init                              0x08006ac5   Thumb Code    40  common.o(i.System_Init)
    TIM6_IRQHandler                          0x08006af5   Thumb Code     6  stm32f1xx_it.o(i.TIM6_IRQHandler)
    TIM7_IRQHandler                          0x08006b01   Thumb Code     6  stm32f1xx_it.o(i.TIM7_IRQHandler)
    TIM_Base_SetConfig                       0x08006b0d   Thumb Code   120  stm32f1xx_hal_tim.o(i.TIM_Base_SetConfig)
    TIM_CCxChannelCmd                        0x08006b99   Thumb Code    26  stm32f1xx_hal_tim.o(i.TIM_CCxChannelCmd)
    TIM_ETR_SetConfig                        0x08006bb3   Thumb Code    20  stm32f1xx_hal_tim.o(i.TIM_ETR_SetConfig)
    TIM_OC2_SetConfig                        0x08006c39   Thumb Code    98  stm32f1xx_hal_tim.o(i.TIM_OC2_SetConfig)
    UART_Start_Receive_DMA                   0x080070d1   Thumb Code   130  stm32f1xx_hal_uart.o(i.UART_Start_Receive_DMA)
    UART_Start_Receive_IT                    0x08007161   Thumb Code    54  stm32f1xx_hal_uart.o(i.UART_Start_Receive_IT)
    USART1_IRQHandler                        0x08007211   Thumb Code    18  stm32f1xx_it.o(i.USART1_IRQHandler)
    USART2_IRQHandler                        0x08007229   Thumb Code    18  stm32f1xx_it.o(i.USART2_IRQHandler)
    USART3_IRQHandler                        0x08007241   Thumb Code    18  stm32f1xx_it.o(i.USART3_IRQHandler)
    USBD_CDC_GetDeviceQualifierDescriptor    0x08007335   Thumb Code     8  usbd_cdc.o(i.USBD_CDC_GetDeviceQualifierDescriptor)
    USBD_CDC_ReceivePacket                   0x080073f9   Thumb Code    40  usbd_cdc.o(i.USBD_CDC_ReceivePacket)
    USBD_CDC_RegisterInterface               0x08007421   Thumb Code    16  usbd_cdc.o(i.USBD_CDC_RegisterInterface)
    USBD_CDC_SetRxBuffer                     0x08007431   Thumb Code    12  usbd_cdc.o(i.USBD_CDC_SetRxBuffer)
    USBD_CDC_SetTxBuffer                     0x0800743d   Thumb Code    16  usbd_cdc.o(i.USBD_CDC_SetTxBuffer)
    USBD_CDC_TransmitPacket                  0x080074f9   Thumb Code    54  usbd_cdc.o(i.USBD_CDC_TransmitPacket)
    USBD_ClrClassConfig                      0x0800752f   Thumb Code    14  usbd_core.o(i.USBD_ClrClassConfig)
    USBD_CtlContinueRx                       0x0800753d   Thumb Code    16  usbd_ioreq.o(i.USBD_CtlContinueRx)
    USBD_CtlContinueSendData                 0x0800754d   Thumb Code    16  usbd_ioreq.o(i.USBD_CtlContinueSendData)
    USBD_CtlError                            0x0800755d   Thumb Code    22  usbd_ctlreq.o(i.USBD_CtlError)
    USBD_CtlPrepareRx                        0x08007573   Thumb Code    30  usbd_ioreq.o(i.USBD_CtlPrepareRx)
    USBD_CtlReceiveStatus                    0x08007591   Thumb Code    22  usbd_ioreq.o(i.USBD_CtlReceiveStatus)
    USBD_CtlSendData                         0x080075a7   Thumb Code    26  usbd_ioreq.o(i.USBD_CtlSendData)
    USBD_CtlSendStatus                       0x080075c1   Thumb Code    22  usbd_ioreq.o(i.USBD_CtlSendStatus)
    USBD_FS_ConfigStrDescriptor              0x080075d9   Thumb Code    16  usbd_desc.o(i.USBD_FS_ConfigStrDescriptor)
    USBD_FS_DeviceDescriptor                 0x080075f9   Thumb Code     8  usbd_desc.o(i.USBD_FS_DeviceDescriptor)
    USBD_FS_InterfaceStrDescriptor           0x08007605   Thumb Code    16  usbd_desc.o(i.USBD_FS_InterfaceStrDescriptor)
    USBD_FS_LangIDStrDescriptor              0x08007629   Thumb Code     8  usbd_desc.o(i.USBD_FS_LangIDStrDescriptor)
    USBD_FS_ManufacturerStrDescriptor        0x08007635   Thumb Code    16  usbd_desc.o(i.USBD_FS_ManufacturerStrDescriptor)
    USBD_FS_ProductStrDescriptor             0x0800765d   Thumb Code    16  usbd_desc.o(i.USBD_FS_ProductStrDescriptor)
    USBD_FS_SerialStrDescriptor              0x08007689   Thumb Code    48  usbd_desc.o(i.USBD_FS_SerialStrDescriptor)
    USBD_GetString                           0x080077a9   Thumb Code    72  usbd_ctlreq.o(i.USBD_GetString)
    USBD_Init                                0x08007809   Thumb Code    42  usbd_core.o(i.USBD_Init)
    USBD_LL_ClearStallEP                     0x08007833   Thumb Code    18  usbd_conf.o(i.USBD_LL_ClearStallEP)
    USBD_LL_CloseEP                          0x08007845   Thumb Code    18  usbd_conf.o(i.USBD_LL_CloseEP)
    USBD_LL_DataInStage                      0x08007857   Thumb Code   198  usbd_core.o(i.USBD_LL_DataInStage)
    USBD_LL_DataOutStage                     0x0800791d   Thumb Code   130  usbd_core.o(i.USBD_LL_DataOutStage)
    USBD_LL_GetRxDataSize                    0x0800799f   Thumb Code     8  usbd_conf.o(i.USBD_LL_GetRxDataSize)
    USBD_LL_Init                             0x080079a9   Thumb Code   118  usbd_conf.o(i.USBD_LL_Init)
    USBD_LL_IsStallEP                        0x08007a29   Thumb Code    32  usbd_conf.o(i.USBD_LL_IsStallEP)
    USBD_LL_OpenEP                           0x08007a49   Thumb Code    24  usbd_conf.o(i.USBD_LL_OpenEP)
    USBD_LL_PrepareReceive                   0x08007a61   Thumb Code    18  usbd_conf.o(i.USBD_LL_PrepareReceive)
    USBD_LL_Reset                            0x08007a73   Thumb Code    80  usbd_core.o(i.USBD_LL_Reset)
    USBD_LL_Resume                           0x08007ac3   Thumb Code    20  usbd_core.o(i.USBD_LL_Resume)
    USBD_LL_SOF                              0x08007ad7   Thumb Code    24  usbd_core.o(i.USBD_LL_SOF)
    USBD_LL_SetSpeed                         0x08007aef   Thumb Code     6  usbd_core.o(i.USBD_LL_SetSpeed)
    USBD_LL_SetUSBAddress                    0x08007af5   Thumb Code    18  usbd_conf.o(i.USBD_LL_SetUSBAddress)
    USBD_LL_SetupStage                       0x08007b07   Thumb Code    90  usbd_core.o(i.USBD_LL_SetupStage)
    USBD_LL_StallEP                          0x08007b61   Thumb Code    18  usbd_conf.o(i.USBD_LL_StallEP)
    USBD_LL_Start                            0x08007b73   Thumb Code    18  usbd_conf.o(i.USBD_LL_Start)
    USBD_LL_Suspend                          0x08007b85   Thumb Code    18  usbd_core.o(i.USBD_LL_Suspend)
    USBD_LL_Transmit                         0x08007b97   Thumb Code    18  usbd_conf.o(i.USBD_LL_Transmit)
    USBD_ParseSetupRequest                   0x08007ba9   Thumb Code    40  usbd_ctlreq.o(i.USBD_ParseSetupRequest)
    USBD_RegisterClass                       0x08007bd1   Thumb Code    16  usbd_core.o(i.USBD_RegisterClass)
    USBD_SetClassConfig                      0x08007be1   Thumb Code    22  usbd_core.o(i.USBD_SetClassConfig)
    USBD_Start                               0x08007c7d   Thumb Code    10  usbd_core.o(i.USBD_Start)
    USBD_StdDevReq                           0x08007c87   Thumb Code   274  usbd_ctlreq.o(i.USBD_StdDevReq)
    USBD_StdEPReq                            0x08007d99   Thumb Code   336  usbd_ctlreq.o(i.USBD_StdEPReq)
    USBD_StdItfReq                           0x08007ee9   Thumb Code    78  usbd_ctlreq.o(i.USBD_StdItfReq)
    USBD_static_free                         0x08007f37   Thumb Code     2  usbd_conf.o(i.USBD_static_free)
    USBD_static_malloc                       0x08007f39   Thumb Code     4  usbd_conf.o(i.USBD_static_malloc)
    USBTxDataDMA                             0x08007f41   Thumb Code    94  usb_uart.o(i.USBTxDataDMA)
    USB_ActivateEndpoint                     0x08007fa5   Thumb Code   668  stm32f1xx_ll_usb.o(i.USB_ActivateEndpoint)
    USB_CoreInit                             0x08008241   Thumb Code     4  stm32f1xx_ll_usb.o(i.USB_CoreInit)
    USB_DeactivateEndpoint                   0x08008245   Thumb Code   270  stm32f1xx_ll_usb.o(i.USB_DeactivateEndpoint)
    USB_DevConnect                           0x08008353   Thumb Code     4  stm32f1xx_ll_usb.o(i.USB_DevConnect)
    USB_DevDisconnect                        0x08008357   Thumb Code     4  stm32f1xx_ll_usb.o(i.USB_DevDisconnect)
    USB_DevInit                              0x0800835b   Thumb Code    18  stm32f1xx_ll_usb.o(i.USB_DevInit)
    USB_DisableGlobalInt                     0x0800836d   Thumb Code    14  stm32f1xx_ll_usb.o(i.USB_DisableGlobalInt)
    USB_EP0_OutStart                         0x0800837b   Thumb Code     4  stm32f1xx_ll_usb.o(i.USB_EP0_OutStart)
    USB_EPClearStall                         0x0800837f   Thumb Code   120  stm32f1xx_ll_usb.o(i.USB_EPClearStall)
    USB_EPSetStall                           0x080083f7   Thumb Code    50  stm32f1xx_ll_usb.o(i.USB_EPSetStall)
    USB_EPStartXfer                          0x08008429   Thumb Code  1250  stm32f1xx_ll_usb.o(i.USB_EPStartXfer)
    USB_EnableGlobalInt                      0x0800890b   Thumb Code    18  stm32f1xx_ll_usb.o(i.USB_EnableGlobalInt)
    USB_LP_CAN1_RX0_IRQHandler               0x0800891d   Thumb Code     6  stm32f1xx_it.o(i.USB_LP_CAN1_RX0_IRQHandler)
    USB_ReadInterrupts                       0x08008929   Thumb Code     6  stm32f1xx_ll_usb.o(i.USB_ReadInterrupts)
    USB_ReadPMA                              0x08008931   Thumb Code    44  stm32f1xx_ll_usb.o(i.USB_ReadPMA)
    USB_RxDataCallback                       0x0800895d   Thumb Code   162  common.o(i.USB_RxDataCallback)
    USB_SetCurrentMode                       0x08008a39   Thumb Code     4  stm32f1xx_ll_usb.o(i.USB_SetCurrentMode)
    USB_SetDevAddress                        0x08008a3d   Thumb Code    12  stm32f1xx_ll_usb.o(i.USB_SetDevAddress)
    USB_WritePMA                             0x08008a49   Thumb Code    38  stm32f1xx_ll_usb.o(i.USB_WritePMA)
    UartCtrl_RxDataCallback                  0x08008a71   Thumb Code    92  car_drive.o(i.UartCtrl_RxDataCallback)
    UartTxDataDMA                            0x08008ad5   Thumb Code   132  uart_dma.o(i.UartTxDataDMA)
    Uart_DMA_Init                            0x08008b61   Thumb Code   152  uart_dma.o(i.Uart_DMA_Init)
    Uart_RxDataCallback                      0x08008bfd   Thumb Code    56  uart_dma.o(i.Uart_RxDataCallback)
    Uart_RxIDLE_Handler                      0x08008c35   Thumb Code   240  uart_dma.o(i.Uart_RxIDLE_Handler)
    UsageFault_Handler                       0x08008d2d   Thumb Code     2  stm32f1xx_it.o(i.UsageFault_Handler)
    Usb2UartInit                             0x08008d31   Thumb Code    64  usb_uart.o(i.Usb2UartInit)
    UserCmdParse                             0x08008d79   Thumb Code   134  car_drive.o(i.UserCmdParse)
    UserConfigCallback                       0x08008e01   Thumb Code   356  car_drive.o(i.UserConfigCallback)
    UserCtrlCmdCallback                      0x08008f6d   Thumb Code   304  car_drive.o(i.UserCtrlCmdCallback)
    UserDataInitFromFlash                    0x080091cd   Thumb Code    56  user_flash.o(i.UserDataInitFromFlash)
    UserFlashCheck                           0x08009209   Thumb Code    18  user_flash.o(i.UserFlashCheck)
    UserFlashDataWrite                       0x08009225   Thumb Code    42  user_flash.o(i.UserFlashDataWrite)
    UserManualCtrlCallback                   0x08009259   Thumb Code   266  car_drive.o(i.UserManualCtrlCallback)
    UserTasks                                0x08009391   Thumb Code    58  common.o(i.UserTasks)
    WriteFlashData                           0x080093d1   Thumb Code    58  user_flash.o(i.WriteFlashData)
    __0printf                                0x0800940d   Thumb Code    22  printfa.o(i.__0printf)
    __1printf                                0x0800940d   Thumb Code     0  printfa.o(i.__0printf)
    __2printf                                0x0800940d   Thumb Code     0  printfa.o(i.__0printf)
    __c89printf                              0x0800940d   Thumb Code     0  printfa.o(i.__0printf)
    printf                                   0x0800940d   Thumb Code     0  printfa.o(i.__0printf)
    __0sprintf                               0x0800942d   Thumb Code    34  printfa.o(i.__0sprintf)
    __1sprintf                               0x0800942d   Thumb Code     0  printfa.o(i.__0sprintf)
    __2sprintf                               0x0800942d   Thumb Code     0  printfa.o(i.__0sprintf)
    __c89sprintf                             0x0800942d   Thumb Code     0  printfa.o(i.__0sprintf)
    sprintf                                  0x0800942d   Thumb Code     0  printfa.o(i.__0sprintf)
    __scatterload_copy                       0x08009499   Thumb Code    14  handlers.o(i.__scatterload_copy)
    __scatterload_null                       0x080094a7   Thumb Code     2  handlers.o(i.__scatterload_null)
    __scatterload_zeroinit                   0x080094a9   Thumb Code    14  handlers.o(i.__scatterload_zeroinit)
    fputc                                    0x08009d75   Thumb Code    20  common.o(i.fputc)
    led_matrix_init                          0x08009d8d   Thumb Code   172  led_matrix.o(i.led_matrix_init)
    main                                     0x08009e3d   Thumb Code    70  main.o(i.main)
    move_led_matrix                          0x08009e85   Thumb Code    34  led_matrix.o(i.move_led_matrix)
    show_led_matrix                          0x08009ead   Thumb Code   286  led_matrix.o(i.show_led_matrix)
    g_uart_port_map                          0x0800a014   Data         256  uart_dma.o(.constdata)
    g_music_freq                             0x0800a114   Data          88  music.o(.constdata)
    g_music_tone                             0x0800a16c   Data         200  music.o(.constdata)
    g_music_note                             0x0800a234   Data         200  music.o(.constdata)
    AHBPrescTable                            0x0800a30e   Data          16  system_stm32f1xx.o(.constdata)
    APBPrescTable                            0x0800a31e   Data           8  system_stm32f1xx.o(.constdata)
    Region$$Table$$Base                      0x0800a328   Number         0  anon$$obj.o(Region$$Table)
    Region$$Table$$Limit                     0x0800a348   Number         0  anon$$obj.o(Region$$Table)
    g_SystemMode                             0x20000000   Data           1  common.o(.data)
    g_LED_flag                               0x20000001   Data           1  common.o(.data)
    g_track_time                             0x20000004   Data           4  common.o(.data)
    g_user_uart                              0x20000008   Data           4  common.o(.data)
    g_led                                    0x2000000c   Data          32  common.o(.data)
    g_esp32                                  0x2000002c   Data           2  esp32.o(.data)
    g_active_uart_num                        0x2000002e   Data           1  uart_dma.o(.data)
    g_ir_track_adc                           0x20000030   Data           4  ir_track.o(.data)
    nb                                       0x20000038   Data           4  car_drive.o(.data)
    blackflag                                0x2000003c   Data           4  car_drive.o(.data)
    blacktime                                0x20000040   Data           4  car_drive.o(.data)
    jizhuan                                  0x20000044   Data           4  car_drive.o(.data)
    g_CarConfig                              0x20000050   Data          56  car_drive.o(.data)
    g_CarCtrlCmd                             0x20000088   Data        1100  car_drive.o(.data)
    i2c_dma_status                           0x200004d4   Data           1  oled_i2c.o(.data)
    g_i2c_top_cmd                            0x200004d5   Data           3  oled_i2c.o(.data)
    g_i2c_low_cmd                            0x200004d8   Data           3  oled_i2c.o(.data)
    g_OLED_i2c                               0x200004dc   Data           4  oled_i2c.o(.data)
    g_music_enable                           0x200004e0   Data           1  music.o(.data)
    g_music_flag                             0x200004e1   Data           1  music.o(.data)
    g_music_running                          0x200004e2   Data           1  music.o(.data)
    g_music_timer_set                        0x200004e4   Data           2  music.o(.data)
    g_music_index                            0x200004e6   Data           2  music.o(.data)
    g_music_beep                             0x200004e8   Data           4  music.o(.data)
    g_music_time                             0x200004ec   Data           4  music.o(.data)
    g_col_start                              0x200004f4   Data           1  led_matrix.o(.data)
    g_col_cnt                                0x200004f6   Data           2  led_matrix.o(.data)
    g_ShowData                               0x200004f8   Data          51  led_matrix.o(.data)
    g_ShowPos                                0x2000052c   Data         128  led_matrix.o(.data)
    uwTickFreq                               0x200005ac   Data           1  stm32f1xx_hal.o(.data)
    uwTickPrio                               0x200005b0   Data           4  stm32f1xx_hal.o(.data)
    uwTick                                   0x200005b4   Data           4  stm32f1xx_hal.o(.data)
    SystemCoreClock                          0x200005b8   Data           4  system_stm32f1xx.o(.data)
    FS_Desc                                  0x200005bc   Data          28  usbd_desc.o(.data)
    USBD_LangIDDesc                          0x200005d8   Data           4  usbd_desc.o(.data)
    USBD_FS_DeviceDesc                       0x200005dc   Data          18  usbd_desc.o(.data)
    USBD_StringSerial                        0x200005f0   Data          26  usbd_desc.o(.data)
    USBD_Interface_fops_FS                   0x2000060c   Data          16  usbd_cdc_if.o(.data)
    USBD_CDC_CfgHSDesc                       0x2000062c   Data          67  usbd_cdc.o(.data)
    USBD_CDC_CfgFSDesc                       0x20000670   Data          67  usbd_cdc.o(.data)
    USBD_CDC_OtherSpeedCfgDesc               0x200006b4   Data          67  usbd_cdc.o(.data)
    USBD_CDC                                 0x200006f8   Data          56  usbd_cdc.o(.data)
    __stdout                                 0x20000730   Data           4  stdout.o(.data)
    g_device_uid                             0x20000734   Data          25  common.o(.bss)
    g_uart_dma                               0x20000750   Data        6720  uart_dma.o(.bss)
    g_usb_buf                                0x20002190   Data        1132  usb_uart.o(.bss)
    g_TrackStatus                            0x200025fc   Data         148  ir_track.o(.bss)
    g_cmd_buf                                0x20002690   Data          64  car_drive.o(.bss)
    g_CarCtrl                                0x200026d0   Data          44  car_drive.o(.bss)
    g_i2c_top_buf                            0x200026fc   Data         128  oled_i2c.o(.bss)
    g_i2c_low_buf                            0x2000277c   Data         128  oled_i2c.o(.bss)
    g_AngleKalman                            0x200027fc   Data          88  angle_kalman_filter.o(.bss)
    hadc1                                    0x20002854   Data          48  adc.o(.bss)
    hdma_adc1                                0x20002884   Data          68  adc.o(.bss)
    hi2c2                                    0x200028c8   Data          84  i2c.o(.bss)
    hdma_i2c2_tx                             0x2000291c   Data          68  i2c.o(.bss)
    htim1                                    0x20002960   Data          72  tim.o(.bss)
    htim3                                    0x200029a8   Data          72  tim.o(.bss)
    htim4                                    0x200029f0   Data          72  tim.o(.bss)
    htim6                                    0x20002a38   Data          72  tim.o(.bss)
    htim7                                    0x20002a80   Data          72  tim.o(.bss)
    huart1                                   0x20002ac8   Data          72  usart.o(.bss)
    huart2                                   0x20002b10   Data          72  usart.o(.bss)
    huart3                                   0x20002b58   Data          72  usart.o(.bss)
    hdma_usart2_rx                           0x20002ba0   Data          68  usart.o(.bss)
    hdma_usart2_tx                           0x20002be4   Data          68  usart.o(.bss)
    hdma_usart3_rx                           0x20002c28   Data          68  usart.o(.bss)
    hdma_usart3_tx                           0x20002c6c   Data          68  usart.o(.bss)
    pFlash                                   0x20002cb0   Data          32  stm32f1xx_hal_flash.o(.bss)
    hUsbDeviceFS                             0x20002cd0   Data         708  usb_device.o(.bss)
    USBD_StrDesc                             0x20002f94   Data         512  usbd_desc.o(.bss)
    hpcd_USB_FS                              0x200033b4   Data         752  usbd_conf.o(.bss)
    __initial_sp                             0x20003aa8   Data           0  startup_stm32f103xe.o(STACK)



==============================================================================

Memory Map of the image

  Image Entry point : 0x08000131

  Load Region LR_IROM1 (Base: 0x08000000, Size: 0x0000aa7c, Max: 0x00040000, ABSOLUTE, COMPRESSED[0x0000a5ac])

    Execution Region ER_IROM1 (Exec base: 0x08000000, Load base: 0x08000000, Size: 0x0000a348, Max: 0x00040000, ABSOLUTE)

    Exec Addr    Load Addr    Size         Type   Attr      Idx    E Section Name        Object

    0x08000000   0x08000000   0x00000130   Data   RO            3    RESET               startup_stm32f103xe.o
    0x08000130   0x08000130   0x00000000   Code   RO         5942  * .ARM.Collect$$$$00000000  mc_w.l(entry.o)
    0x08000130   0x08000130   0x00000004   Code   RO         6252    .ARM.Collect$$$$00000001  mc_w.l(entry2.o)
    0x08000134   0x08000134   0x00000004   Code   RO         6255    .ARM.Collect$$$$00000004  mc_w.l(entry5.o)
    0x08000138   0x08000138   0x00000000   Code   RO         6257    .ARM.Collect$$$$00000008  mc_w.l(entry7b.o)
    0x08000138   0x08000138   0x00000000   Code   RO         6259    .ARM.Collect$$$$0000000A  mc_w.l(entry8b.o)
    0x08000138   0x08000138   0x00000008   Code   RO         6260    .ARM.Collect$$$$0000000B  mc_w.l(entry9a.o)
    0x08000140   0x08000140   0x00000000   Code   RO         6262    .ARM.Collect$$$$0000000D  mc_w.l(entry10a.o)
    0x08000140   0x08000140   0x00000000   Code   RO         6264    .ARM.Collect$$$$0000000F  mc_w.l(entry11a.o)
    0x08000140   0x08000140   0x00000004   Code   RO         6253    .ARM.Collect$$$$00002712  mc_w.l(entry2.o)
    0x08000144   0x08000144   0x00000024   Code   RO            4    .text               startup_stm32f103xe.o
    0x08000168   0x08000168   0x00000020   Code   RO         5945    .text               mc_w.l(llushr.o)
    0x08000188   0x08000188   0x00000024   Code   RO         5947    .text               mc_w.l(memcpya.o)
    0x080001ac   0x080001ac   0x00000024   Code   RO         5949    .text               mc_w.l(memseta.o)
    0x080001d0   0x080001d0   0x00000018   Code   RO         5951    .text               mc_w.l(strcat.o)
    0x080001e8   0x080001e8   0x0000000e   Code   RO         5955    .text               mc_w.l(strlen.o)
    0x080001f6   0x080001f6   0x0000001c   Code   RO         5957    .text               mc_w.l(strcmp.o)
    0x08000212   0x08000212   0x0000001e   Code   RO         5959    .text               mc_w.l(strncmp.o)
    0x08000230   0x08000230   0x000000b0   Code   RO         6224    .text               mf_w.l(fadd.o)
    0x080002e0   0x080002e0   0x00000064   Code   RO         6226    .text               mf_w.l(fmul.o)
    0x08000344   0x08000344   0x0000007c   Code   RO         6228    .text               mf_w.l(fdiv.o)
    0x080003c0   0x080003c0   0x00000018   Code   RO         6230    .text               mf_w.l(fscalb.o)
    0x080003d8   0x080003d8   0x0000014e   Code   RO         6232    .text               mf_w.l(dadd.o)
    0x08000526   0x08000526   0x000000e4   Code   RO         6234    .text               mf_w.l(dmul.o)
    0x0800060a   0x0800060a   0x00000012   Code   RO         6236    .text               mf_w.l(fflti.o)
    0x0800061c   0x0800061c   0x0000000a   Code   RO         6238    .text               mf_w.l(ffltui.o)
    0x08000626   0x08000626   0x00000022   Code   RO         6240    .text               mf_w.l(dflti.o)
    0x08000648   0x08000648   0x00000032   Code   RO         6244    .text               mf_w.l(ffixi.o)
    0x0800067a   0x0800067a   0x0000003e   Code   RO         6246    .text               mf_w.l(dfixi.o)
    0x080006b8   0x080006b8   0x00000026   Code   RO         6248    .text               mf_w.l(f2d.o)
    0x080006de   0x080006de   0x00000038   Code   RO         6250    .text               mf_w.l(d2f.o)
    0x08000716   0x08000716   0x0000002c   Code   RO         6267    .text               mc_w.l(uidiv.o)
    0x08000742   0x08000742   0x00000062   Code   RO         6269    .text               mc_w.l(uldiv.o)
    0x080007a4   0x080007a4   0x0000001e   Code   RO         6271    .text               mc_w.l(llshl.o)
    0x080007c2   0x080007c2   0x00000024   Code   RO         6273    .text               mc_w.l(llsshr.o)
    0x080007e6   0x080007e6   0x00000000   Code   RO         6275    .text               mc_w.l(iusefp.o)
    0x080007e6   0x080007e6   0x0000006e   Code   RO         6276    .text               mf_w.l(fepilogue.o)
    0x08000854   0x08000854   0x000000ba   Code   RO         6278    .text               mf_w.l(depilogue.o)
    0x0800090e   0x0800090e   0x000000de   Code   RO         6280    .text               mf_w.l(ddiv.o)
    0x080009ec   0x080009ec   0x00000030   Code   RO         6282    .text               mf_w.l(dfixul.o)
    0x08000a1c   0x08000a1c   0x00000030   Code   RO         6284    .text               mf_w.l(cdrcmple.o)
    0x08000a4c   0x08000a4c   0x00000024   Code   RO         6286    .text               mc_w.l(init.o)
    0x08000a70   0x08000a70   0x00000056   Code   RO         6296    .text               mc_w.l(__dczerorl2.o)
    0x08000ac6   0x08000ac6   0x00000002   PAD
    0x08000ac8   0x08000ac8   0x0000000c   Code   RO         1446    i.ADC1_2_IRQHandler  stm32f1xx_it.o
    0x08000ad4   0x08000ad4   0x00000056   Code   RO         3120    i.ADC_ConversionStop_Disable  stm32f1xx_hal_adc.o
    0x08000b2a   0x08000b2a   0x0000004e   Code   RO         3121    i.ADC_DMAConvCplt   stm32f1xx_hal_adc.o
    0x08000b78   0x08000b78   0x0000001a   Code   RO         3122    i.ADC_DMAError      stm32f1xx_hal_adc.o
    0x08000b92   0x08000b92   0x0000000a   Code   RO         3123    i.ADC_DMAHalfConvCplt  stm32f1xx_hal_adc.o
    0x08000b9c   0x08000b9c   0x0000007c   Code   RO         3124    i.ADC_Enable        stm32f1xx_hal_adc.o
    0x08000c18   0x08000c18   0x00000078   Code   RO          567    i.ADC_NormalCal     ir_track.o
    0x08000c90   0x08000c90   0x00000060   Code   RO          981    i.AngleKalmanInit   angle_kalman_filter.o
    0x08000cf0   0x08000cf0   0x0000002c   Code   RO         1017    i.BTN_Read_Left     btn.o
    0x08000d1c   0x08000d1c   0x0000002c   Code   RO         1018    i.BTN_Read_Right    btn.o
    0x08000d48   0x08000d48   0x00000002   Code   RO         1447    i.BusFault_Handler  stm32f1xx_it.o
    0x08000d4a   0x08000d4a   0x00000004   Code   RO         5311    i.CDC_Control_FS    usbd_cdc_if.o
    0x08000d4e   0x08000d4e   0x00000004   Code   RO         5312    i.CDC_DeInit_FS     usbd_cdc_if.o
    0x08000d52   0x08000d52   0x0000000a   Code   RO         5313    i.CDC_Init_FS       usbd_cdc_if.o
    0x08000d5c   0x08000d5c   0x0000000c   Code   RO         5314    i.CDC_Receive_FS    usbd_cdc_if.o
    0x08000d68   0x08000d68   0x0000002c   Code   RO         5315    i.CDC_Transmit_FS   usbd_cdc_if.o
    0x08000d94   0x08000d94   0x00000030   Code   RO          682    i.CarCtrlInit       car_drive.o
    0x08000dc4   0x08000dc4   0x00000020   Code   RO          683    i.CarMotoCtrl       car_drive.o
    0x08000de4   0x08000de4   0x000000bc   Code   RO          684    i.CarPIDSpeedCtrl   car_drive.o
    0x08000ea0   0x08000ea0   0x000000b4   Code   RO          685    i.CarTrackCtrl      car_drive.o
    0x08000f54   0x08000f54   0x00000028   Code   RO           13    i.CheckBtnLeft      common.o
    0x08000f7c   0x08000f7c   0x00000090   Code   RO           14    i.CheckBtnRight     common.o
    0x0800100c   0x0800100c   0x0000007c   Code   RO          470    i.CheckUSBRxData    usb_uart.o
    0x08001088   0x08001088   0x0000007c   Code   RO          471    i.CheckUSBTxData    usb_uart.o
    0x08001104   0x08001104   0x000000a8   Code   RO          348    i.CheckUartRxData   uart_dma.o
    0x080011ac   0x080011ac   0x0000009c   Code   RO          349    i.CheckUartTxData   uart_dma.o
    0x08001248   0x08001248   0x00000048   Code   RO          686    i.CheckUserCmd      car_drive.o
    0x08001290   0x08001290   0x0000000c   Code   RO         1448    i.DMA1_Channel1_IRQHandler  stm32f1xx_it.o
    0x0800129c   0x0800129c   0x0000000c   Code   RO         1449    i.DMA1_Channel2_IRQHandler  stm32f1xx_it.o
    0x080012a8   0x080012a8   0x0000000c   Code   RO         1450    i.DMA1_Channel3_IRQHandler  stm32f1xx_it.o
    0x080012b4   0x080012b4   0x0000000c   Code   RO         1451    i.DMA1_Channel4_IRQHandler  stm32f1xx_it.o
    0x080012c0   0x080012c0   0x0000000c   Code   RO         1452    i.DMA1_Channel6_IRQHandler  stm32f1xx_it.o
    0x080012cc   0x080012cc   0x0000000c   Code   RO         1453    i.DMA1_Channel7_IRQHandler  stm32f1xx_it.o
    0x080012d8   0x080012d8   0x0000002a   Code   RO         2523    i.DMA_SetConfig     stm32f1xx_hal_dma.o
    0x08001302   0x08001302   0x00000002   Code   RO         1454    i.DebugMon_Handler  stm32f1xx_it.o
    0x08001304   0x08001304   0x00000090   Code   RO          291    i.ESP32ModeCtrl     esp32.o
    0x08001394   0x08001394   0x000000a8   Code   RO          292    i.ESP32_Init        esp32.o
    0x0800143c   0x0800143c   0x00000010   Code   RO          293    i.ESP32_Start       esp32.o
    0x0800144c   0x0800144c   0x00000006   Code   RO         1455    i.EXTI4_IRQHandler  stm32f1xx_it.o
    0x08001452   0x08001452   0x00000006   Code   RO         1456    i.EXTI9_5_IRQHandler  stm32f1xx_it.o
    0x08001458   0x08001458   0x00000026   Code   RO         1048    i.EreaseFlashData   user_flash.o
    0x0800147e   0x0800147e   0x00000004   Code   RO         1146    i.Error_Handler     main.o
    0x08001482   0x08001482   0x00000002   PAD
    0x08001484   0x08001484   0x00000024   Code   RO         2963    i.FLASH_MassErase   stm32f1xx_hal_flash_ex.o
    0x080014a8   0x080014a8   0x00000024   Code   RO         2968    i.FLASH_PageErase   stm32f1xx_hal_flash_ex.o
    0x080014cc   0x080014cc   0x0000001c   Code   RO         2860    i.FLASH_Program_HalfWord  stm32f1xx_hal_flash.o
    0x080014e8   0x080014e8   0x0000005c   Code   RO         2861    i.FLASH_SetErrorCode  stm32f1xx_hal_flash.o
    0x08001544   0x08001544   0x00000054   Code   RO         2862    i.FLASH_WaitForLastOperation  stm32f1xx_hal_flash.o
    0x08001598   0x08001598   0x000000f8   Code   RO           15    i.GetUniqueID       common.o
    0x08001690   0x08001690   0x00000002   Code   RO         3302    i.HAL_ADCEx_InjectedConvCpltCallback  stm32f1xx_hal_adc_ex.o
    0x08001692   0x08001692   0x00000002   PAD
    0x08001694   0x08001694   0x000000fc   Code   RO         3126    i.HAL_ADC_ConfigChannel  stm32f1xx_hal_adc.o
    0x08001790   0x08001790   0x00000150   Code   RO          687    i.HAL_ADC_ConvCpltCallback  car_drive.o
    0x080018e0   0x080018e0   0x00000002   Code   RO         3128    i.HAL_ADC_ConvHalfCpltCallback  stm32f1xx_hal_adc.o
    0x080018e2   0x080018e2   0x00000002   Code   RO         3130    i.HAL_ADC_ErrorCallback  stm32f1xx_hal_adc.o
    0x080018e4   0x080018e4   0x000000dc   Code   RO         3134    i.HAL_ADC_IRQHandler  stm32f1xx_hal_adc.o
    0x080019c0   0x080019c0   0x00000120   Code   RO         3135    i.HAL_ADC_Init      stm32f1xx_hal_adc.o
    0x08001ae0   0x08001ae0   0x00000002   Code   RO         3136    i.HAL_ADC_LevelOutOfWindowCallback  stm32f1xx_hal_adc.o
    0x08001ae2   0x08001ae2   0x00000002   PAD
    0x08001ae4   0x08001ae4   0x000000c0   Code   RO         1213    i.HAL_ADC_MspInit   adc.o
    0x08001ba4   0x08001ba4   0x0000010c   Code   RO         3142    i.HAL_ADC_Start_DMA  stm32f1xx_hal_adc.o
    0x08001cb0   0x08001cb0   0x00000056   Code   RO         3145    i.HAL_ADC_Stop_DMA  stm32f1xx_hal_adc.o
    0x08001d06   0x08001d06   0x00000046   Code   RO         2524    i.HAL_DMA_Abort     stm32f1xx_hal_dma.o
    0x08001d4c   0x08001d4c   0x00000130   Code   RO         2525    i.HAL_DMA_Abort_IT  stm32f1xx_hal_dma.o
    0x08001e7c   0x08001e7c   0x00000006   Code   RO         2528    i.HAL_DMA_GetState  stm32f1xx_hal_dma.o
    0x08001e82   0x08001e82   0x00000002   PAD
    0x08001e84   0x08001e84   0x00000248   Code   RO         2529    i.HAL_DMA_IRQHandler  stm32f1xx_hal_dma.o
    0x080020cc   0x080020cc   0x0000007c   Code   RO         2530    i.HAL_DMA_Init      stm32f1xx_hal_dma.o
    0x08002148   0x08002148   0x00000070   Code   RO         2534    i.HAL_DMA_Start_IT  stm32f1xx_hal_dma.o
    0x080021b8   0x080021b8   0x00000024   Code   RO         2150    i.HAL_Delay         stm32f1xx_hal.o
    0x080021dc   0x080021dc   0x000000a8   Code   RO         2969    i.HAL_FLASHEx_Erase  stm32f1xx_hal_flash_ex.o
    0x08002284   0x08002284   0x00000014   Code   RO         2866    i.HAL_FLASH_Lock    stm32f1xx_hal_flash.o
    0x08002298   0x08002298   0x00000080   Code   RO         2871    i.HAL_FLASH_Program  stm32f1xx_hal_flash.o
    0x08002318   0x08002318   0x00000028   Code   RO         2873    i.HAL_FLASH_Unlock  stm32f1xx_hal_flash.o
    0x08002340   0x08002340   0x00000002   Code   RO           16    i.HAL_GPIO_EXTI_Callback  common.o
    0x08002342   0x08002342   0x00000002   PAD
    0x08002344   0x08002344   0x00000018   Code   RO         2459    i.HAL_GPIO_EXTI_IRQHandler  stm32f1xx_hal_gpio.o
    0x0800235c   0x0800235c   0x000001f8   Code   RO         2460    i.HAL_GPIO_Init     stm32f1xx_hal_gpio.o
    0x08002554   0x08002554   0x0000000a   Code   RO         2462    i.HAL_GPIO_ReadPin  stm32f1xx_hal_gpio.o
    0x0800255e   0x0800255e   0x00000010   Code   RO         2463    i.HAL_GPIO_TogglePin  stm32f1xx_hal_gpio.o
    0x0800256e   0x0800256e   0x0000000a   Code   RO         2464    i.HAL_GPIO_WritePin  stm32f1xx_hal_gpio.o
    0x08002578   0x08002578   0x0000000c   Code   RO         2154    i.HAL_GetTick       stm32f1xx_hal.o
    0x08002584   0x08002584   0x00000002   Code   RO         3396    i.HAL_I2C_AbortCpltCallback  stm32f1xx_hal_i2c.o
    0x08002586   0x08002586   0x00000002   Code   RO         3397    i.HAL_I2C_AddrCallback  stm32f1xx_hal_i2c.o
    0x08002588   0x08002588   0x00000230   Code   RO         3401    i.HAL_I2C_EV_IRQHandler  stm32f1xx_hal_i2c.o
    0x080027b8   0x080027b8   0x00000002   Code   RO         3403    i.HAL_I2C_ErrorCallback  stm32f1xx_hal_i2c.o
    0x080027ba   0x080027ba   0x00000002   PAD
    0x080027bc   0x080027bc   0x00000188   Code   RO         3407    i.HAL_I2C_Init      stm32f1xx_hal_i2c.o
    0x08002944   0x08002944   0x00000002   Code   RO         3409    i.HAL_I2C_ListenCpltCallback  stm32f1xx_hal_i2c.o
    0x08002946   0x08002946   0x00000002   Code   RO         3410    i.HAL_I2C_MasterRxCpltCallback  stm32f1xx_hal_i2c.o
    0x08002948   0x08002948   0x00000002   Code   RO         3411    i.HAL_I2C_MasterTxCpltCallback  stm32f1xx_hal_i2c.o
    0x0800294a   0x0800294a   0x00000002   Code   RO         3423    i.HAL_I2C_MemRxCpltCallback  stm32f1xx_hal_i2c.o
    0x0800294c   0x0800294c   0x0000005c   Code   RO          800    i.HAL_I2C_MemTxCpltCallback  oled_i2c.o
    0x080029a8   0x080029a8   0x00000190   Code   RO         3429    i.HAL_I2C_Mem_Write_DMA  stm32f1xx_hal_i2c.o
    0x08002b38   0x08002b38   0x000000a0   Code   RO         1279    i.HAL_I2C_MspInit   i2c.o
    0x08002bd8   0x08002bd8   0x00000002   Code   RO         3433    i.HAL_I2C_SlaveRxCpltCallback  stm32f1xx_hal_i2c.o
    0x08002bda   0x08002bda   0x00000002   Code   RO         3434    i.HAL_I2C_SlaveTxCpltCallback  stm32f1xx_hal_i2c.o
    0x08002bdc   0x08002bdc   0x00000010   Code   RO         2160    i.HAL_IncTick       stm32f1xx_hal.o
    0x08002bec   0x08002bec   0x00000024   Code   RO         2161    i.HAL_Init          stm32f1xx_hal.o
    0x08002c10   0x08002c10   0x00000040   Code   RO         2162    i.HAL_InitTick      stm32f1xx_hal.o
    0x08002c50   0x08002c50   0x0000003c   Code   RO         1618    i.HAL_MspInit       stm32f1xx_hal_msp.o
    0x08002c8c   0x08002c8c   0x0000001a   Code   RO         2620    i.HAL_NVIC_EnableIRQ  stm32f1xx_hal_cortex.o
    0x08002ca6   0x08002ca6   0x00000002   PAD
    0x08002ca8   0x08002ca8   0x00000040   Code   RO         2626    i.HAL_NVIC_SetPriority  stm32f1xx_hal_cortex.o
    0x08002ce8   0x08002ce8   0x00000024   Code   RO         2627    i.HAL_NVIC_SetPriorityGrouping  stm32f1xx_hal_cortex.o
    0x08002d0c   0x08002d0c   0x0000003c   Code   RO         1917    i.HAL_PCDEx_PMAConfig  stm32f1xx_hal_pcd_ex.o
    0x08002d48   0x08002d48   0x00000002   Code   RO         5364    i.HAL_PCDEx_SetConnectionState  usbd_conf.o
    0x08002d4a   0x08002d4a   0x00000012   Code   RO         5366    i.HAL_PCD_DataInStageCallback  usbd_conf.o
    0x08002d5c   0x08002d5c   0x00000014   Code   RO         5367    i.HAL_PCD_DataOutStageCallback  usbd_conf.o
    0x08002d70   0x08002d70   0x0000004c   Code   RO         1688    i.HAL_PCD_EP_Close  stm32f1xx_hal_pcd.o
    0x08002dbc   0x08002dbc   0x0000005c   Code   RO         1689    i.HAL_PCD_EP_ClrStall  stm32f1xx_hal_pcd.o
    0x08002e18   0x08002e18   0x000000e6   Code   RO         1690    i.HAL_PCD_EP_DB_Receive  stm32f1xx_hal_pcd.o
    0x08002efe   0x08002efe   0x00000338   Code   RO         1691    i.HAL_PCD_EP_DB_Transmit  stm32f1xx_hal_pcd.o
    0x08003236   0x08003236   0x00000012   Code   RO         1693    i.HAL_PCD_EP_GetRxCount  stm32f1xx_hal_pcd.o
    0x08003248   0x08003248   0x0000005a   Code   RO         1694    i.HAL_PCD_EP_Open   stm32f1xx_hal_pcd.o
    0x080032a2   0x080032a2   0x0000002e   Code   RO         1695    i.HAL_PCD_EP_Receive  stm32f1xx_hal_pcd.o
    0x080032d0   0x080032d0   0x00000072   Code   RO         1696    i.HAL_PCD_EP_SetStall  stm32f1xx_hal_pcd.o
    0x08003342   0x08003342   0x00000030   Code   RO         1697    i.HAL_PCD_EP_Transmit  stm32f1xx_hal_pcd.o
    0x08003372   0x08003372   0x00000002   PAD
    0x08003374   0x08003374   0x00000134   Code   RO         1699    i.HAL_PCD_IRQHandler  stm32f1xx_hal_pcd.o
    0x080034a8   0x080034a8   0x000000da   Code   RO         1702    i.HAL_PCD_Init      stm32f1xx_hal_pcd.o
    0x08003582   0x08003582   0x00000002   PAD
    0x08003584   0x08003584   0x0000003c   Code   RO         5372    i.HAL_PCD_MspInit   usbd_conf.o
    0x080035c0   0x080035c0   0x00000026   Code   RO         5373    i.HAL_PCD_ResetCallback  usbd_conf.o
    0x080035e6   0x080035e6   0x00000008   Code   RO         5374    i.HAL_PCD_ResumeCallback  usbd_conf.o
    0x080035ee   0x080035ee   0x00000008   Code   RO         5375    i.HAL_PCD_SOFCallback  usbd_conf.o
    0x080035f6   0x080035f6   0x00000028   Code   RO         1708    i.HAL_PCD_SetAddress  stm32f1xx_hal_pcd.o
    0x0800361e   0x0800361e   0x0000000e   Code   RO         5376    i.HAL_PCD_SetupStageCallback  usbd_conf.o
    0x0800362c   0x0800362c   0x00000032   Code   RO         1710    i.HAL_PCD_Start     stm32f1xx_hal_pcd.o
    0x0800365e   0x0800365e   0x00000002   PAD
    0x08003660   0x08003660   0x00000024   Code   RO         5377    i.HAL_PCD_SuspendCallback  usbd_conf.o
    0x08003684   0x08003684   0x000000ec   Code   RO         2422    i.HAL_RCCEx_PeriphCLKConfig  stm32f1xx_hal_rcc_ex.o
    0x08003770   0x08003770   0x0000012c   Code   RO         2318    i.HAL_RCC_ClockConfig  stm32f1xx_hal_rcc.o
    0x0800389c   0x0800389c   0x00000020   Code   RO         2325    i.HAL_RCC_GetPCLK1Freq  stm32f1xx_hal_rcc.o
    0x080038bc   0x080038bc   0x00000020   Code   RO         2326    i.HAL_RCC_GetPCLK2Freq  stm32f1xx_hal_rcc.o
    0x080038dc   0x080038dc   0x0000004c   Code   RO         2327    i.HAL_RCC_GetSysClockFreq  stm32f1xx_hal_rcc.o
    0x08003928   0x08003928   0x00000320   Code   RO         2330    i.HAL_RCC_OscConfig  stm32f1xx_hal_rcc.o
    0x08003c48   0x08003c48   0x00000028   Code   RO         2631    i.HAL_SYSTICK_Config  stm32f1xx_hal_cortex.o
    0x08003c70   0x08003c70   0x00000002   Code   RO         4539    i.HAL_TIMEx_BreakCallback  stm32f1xx_hal_tim_ex.o
    0x08003c72   0x08003c72   0x00000002   Code   RO         4540    i.HAL_TIMEx_CommutCallback  stm32f1xx_hal_tim_ex.o
    0x08003c74   0x08003c74   0x00000054   Code   RO         4542    i.HAL_TIMEx_ConfigBreakDeadTime  stm32f1xx_hal_tim_ex.o
    0x08003cc8   0x08003cc8   0x0000007c   Code   RO         4558    i.HAL_TIMEx_MasterConfigSynchronization  stm32f1xx_hal_tim_ex.o
    0x08003d44   0x08003d44   0x0000005a   Code   RO         3835    i.HAL_TIM_Base_Init  stm32f1xx_hal_tim.o
    0x08003d9e   0x08003d9e   0x00000002   PAD
    0x08003da0   0x08003da0   0x000000b0   Code   RO         1321    i.HAL_TIM_Base_MspInit  tim.o
    0x08003e50   0x08003e50   0x0000006c   Code   RO         3840    i.HAL_TIM_Base_Start_IT  stm32f1xx_hal_tim.o
    0x08003ebc   0x08003ebc   0x00000030   Code   RO         3843    i.HAL_TIM_Base_Stop_IT  stm32f1xx_hal_tim.o
    0x08003eec   0x08003eec   0x000000dc   Code   RO         3844    i.HAL_TIM_ConfigClockSource  stm32f1xx_hal_tim.o
    0x08003fc8   0x08003fc8   0x00000002   Code   RO         3869    i.HAL_TIM_IC_CaptureCallback  stm32f1xx_hal_tim.o
    0x08003fca   0x08003fca   0x00000166   Code   RO         3883    i.HAL_TIM_IRQHandler  stm32f1xx_hal_tim.o
    0x08004130   0x08004130   0x000000bc   Code   RO         1322    i.HAL_TIM_MspPostInit  tim.o
    0x080041ec   0x080041ec   0x00000002   Code   RO         3886    i.HAL_TIM_OC_DelayElapsedCallback  stm32f1xx_hal_tim.o
    0x080041ee   0x080041ee   0x000000cc   Code   RO         3907    i.HAL_TIM_PWM_ConfigChannel  stm32f1xx_hal_tim.o
    0x080042ba   0x080042ba   0x0000005a   Code   RO         3910    i.HAL_TIM_PWM_Init  stm32f1xx_hal_tim.o
    0x08004314   0x08004314   0x00000002   Code   RO         3912    i.HAL_TIM_PWM_MspInit  stm32f1xx_hal_tim.o
    0x08004316   0x08004316   0x00000002   Code   RO         3913    i.HAL_TIM_PWM_PulseFinishedCallback  stm32f1xx_hal_tim.o
    0x08004318   0x08004318   0x000000b4   Code   RO         3915    i.HAL_TIM_PWM_Start  stm32f1xx_hal_tim.o
    0x080043cc   0x080043cc   0x0000007c   Code   RO         3918    i.HAL_TIM_PWM_Stop  stm32f1xx_hal_tim.o
    0x08004448   0x08004448   0x00000038   Code   RO           17    i.HAL_TIM_PeriodElapsedCallback  common.o
    0x08004480   0x08004480   0x00000002   Code   RO         3926    i.HAL_TIM_TriggerCallback  stm32f1xx_hal_tim.o
    0x08004482   0x08004482   0x00000002   Code   RO         4818    i.HAL_UARTEx_RxEventCallback  stm32f1xx_hal_uart.o
    0x08004484   0x08004484   0x00000034   Code   RO          350    i.HAL_UART_DMAStopRx  uart_dma.o
    0x080044b8   0x080044b8   0x0000001c   Code   RO          351    i.HAL_UART_EndRxTransfer_IT  uart_dma.o
    0x080044d4   0x080044d4   0x00000002   Code   RO          352    i.HAL_UART_ErrorCallback  uart_dma.o
    0x080044d6   0x080044d6   0x00000002   PAD
    0x080044d8   0x080044d8   0x0000026c   Code   RO         4835    i.HAL_UART_IRQHandler  stm32f1xx_hal_uart.o
    0x08004744   0x08004744   0x00000064   Code   RO         4836    i.HAL_UART_Init     stm32f1xx_hal_uart.o
    0x080047a8   0x080047a8   0x00000200   Code   RO         1393    i.HAL_UART_MspInit  usart.o
    0x080049a8   0x080049a8   0x0000001c   Code   RO         4840    i.HAL_UART_Receive_DMA  stm32f1xx_hal_uart.o
    0x080049c4   0x080049c4   0x0000001c   Code   RO         4841    i.HAL_UART_Receive_IT  stm32f1xx_hal_uart.o
    0x080049e0   0x080049e0   0x000000b8   Code   RO          353    i.HAL_UART_RxCpltCallback  uart_dma.o
    0x08004a98   0x08004a98   0x00000002   Code   RO         4843    i.HAL_UART_RxHalfCpltCallback  stm32f1xx_hal_uart.o
    0x08004a9a   0x08004a9a   0x0000009a   Code   RO         4844    i.HAL_UART_Transmit  stm32f1xx_hal_uart.o
    0x08004b34   0x08004b34   0x00000078   Code   RO         4845    i.HAL_UART_Transmit_DMA  stm32f1xx_hal_uart.o
    0x08004bac   0x08004bac   0x00000074   Code   RO          354    i.HAL_UART_TxCpltCallback  uart_dma.o
    0x08004c20   0x08004c20   0x00000002   Code   RO         4848    i.HAL_UART_TxHalfCpltCallback  stm32f1xx_hal_uart.o
    0x08004c22   0x08004c22   0x00000002   Code   RO         1457    i.HardFault_Handler  stm32f1xx_it.o
    0x08004c24   0x08004c24   0x0000000c   Code   RO         1458    i.I2C2_EV_IRQHandler  stm32f1xx_it.o
    0x08004c30   0x08004c30   0x000000bc   Code   RO         3445    i.I2C_DMAAbort      stm32f1xx_hal_i2c.o
    0x08004cec   0x08004cec   0x00000036   Code   RO         3446    i.I2C_DMAError      stm32f1xx_hal_i2c.o
    0x08004d22   0x08004d22   0x0000010a   Code   RO         3447    i.I2C_DMAXferCplt   stm32f1xx_hal_i2c.o
    0x08004e2c   0x08004e2c   0x00000010   Code   RO         3448    i.I2C_Flush_DR      stm32f1xx_hal_i2c.o
    0x08004e3c   0x08004e3c   0x00000158   Code   RO         3449    i.I2C_ITError       stm32f1xx_hal_i2c.o
    0x08004f94   0x08004f94   0x0000002e   Code   RO         3450    i.I2C_IsAcknowledgeFailed  stm32f1xx_hal_i2c.o
    0x08004fc2   0x08004fc2   0x000000d2   Code   RO         3451    i.I2C_MasterReceive_BTF  stm32f1xx_hal_i2c.o
    0x08005094   0x08005094   0x000000e8   Code   RO         3452    i.I2C_MasterReceive_RXNE  stm32f1xx_hal_i2c.o
    0x0800517c   0x0800517c   0x00000082   Code   RO         3455    i.I2C_MasterTransmit_BTF  stm32f1xx_hal_i2c.o
    0x080051fe   0x080051fe   0x00000002   PAD
    0x08005200   0x08005200   0x000000b6   Code   RO         3456    i.I2C_MasterTransmit_TXE  stm32f1xx_hal_i2c.o
    0x080052b6   0x080052b6   0x00000002   PAD
    0x080052b8   0x080052b8   0x00000158   Code   RO         3457    i.I2C_Master_ADDR   stm32f1xx_hal_i2c.o
    0x08005410   0x08005410   0x0000008c   Code   RO         3458    i.I2C_Master_SB     stm32f1xx_hal_i2c.o
    0x0800549c   0x0800549c   0x000000a8   Code   RO         3459    i.I2C_MemoryTransmit_TXE_BTF  stm32f1xx_hal_i2c.o
    0x08005544   0x08005544   0x000000a8   Code   RO         3461    i.I2C_RequestMemoryWrite  stm32f1xx_hal_i2c.o
    0x080055ec   0x080055ec   0x00000046   Code   RO         3462    i.I2C_Slave_ADDR    stm32f1xx_hal_i2c.o
    0x08005632   0x08005632   0x00000002   PAD
    0x08005634   0x08005634   0x0000015c   Code   RO         3464    i.I2C_Slave_STOPF   stm32f1xx_hal_i2c.o
    0x08005790   0x08005790   0x00000090   Code   RO         3466    i.I2C_WaitOnFlagUntilTimeout  stm32f1xx_hal_i2c.o
    0x08005820   0x08005820   0x000000bc   Code   RO         3467    i.I2C_WaitOnMasterAddressFlagUntilTimeout  stm32f1xx_hal_i2c.o
    0x080058dc   0x080058dc   0x00000056   Code   RO         3469    i.I2C_WaitOnTXEFlagUntilTimeout  stm32f1xx_hal_i2c.o
    0x08005932   0x08005932   0x00000002   PAD
    0x08005934   0x08005934   0x0000004c   Code   RO          568    i.IR_Track_Init     ir_track.o
    0x08005980   0x08005980   0x00000010   Code   RO          569    i.IR_Track_Power_Off  ir_track.o
    0x08005990   0x08005990   0x00000010   Code   RO          570    i.IR_Track_Power_On  ir_track.o
    0x080059a0   0x080059a0   0x00000014   Code   RO          571    i.IR_Track_Start    ir_track.o
    0x080059b4   0x080059b4   0x00000038   Code   RO         5238    i.IntToUnicode      usbd_desc.o
    0x080059ec   0x080059ec   0x00000248   Code   RO          982    i.KalmanFilter      angle_kalman_filter.o
    0x08005c34   0x08005c34   0x00000060   Code   RO           19    i.LEDCtrl           common.o
    0x08005c94   0x08005c94   0x000000a8   Code   RO         1214    i.MX_ADC1_Init      adc.o
    0x08005d3c   0x08005d3c   0x0000007c   Code   RO         1254    i.MX_DMA_Init       dma.o
    0x08005db8   0x08005db8   0x00000188   Code   RO         1188    i.MX_GPIO_Init      gpio.o
    0x08005f40   0x08005f40   0x00000040   Code   RO         1280    i.MX_I2C2_Init      i2c.o
    0x08005f80   0x08005f80   0x000000c8   Code   RO         1323    i.MX_TIM1_Init      tim.o
    0x08006048   0x08006048   0x000000c8   Code   RO         1324    i.MX_TIM3_Init      tim.o
    0x08006110   0x08006110   0x000000c8   Code   RO         1325    i.MX_TIM4_Init      tim.o
    0x080061d8   0x080061d8   0x00000048   Code   RO         1326    i.MX_TIM6_Init      tim.o
    0x08006220   0x08006220   0x00000048   Code   RO         1327    i.MX_TIM7_Init      tim.o
    0x08006268   0x08006268   0x00000038   Code   RO         1394    i.MX_USART1_UART_Init  usart.o
    0x080062a0   0x080062a0   0x00000038   Code   RO         1395    i.MX_USART2_UART_Init  usart.o
    0x080062d8   0x080062d8   0x00000038   Code   RO         1396    i.MX_USART3_UART_Init  usart.o
    0x08006310   0x08006310   0x00000054   Code   RO         5207    i.MX_USB_DEVICE_Init  usb_device.o
    0x08006364   0x08006364   0x0000001c   Code   RO          688    i.ManualCarCtrl     car_drive.o
    0x08006380   0x08006380   0x00000002   Code   RO         1459    i.MemManage_Handler  stm32f1xx_it.o
    0x08006382   0x08006382   0x00000002   PAD
    0x08006384   0x08006384   0x00000020   Code   RO          623    i.MotoLeftBackCtrl  motor_drive.o
    0x080063a4   0x080063a4   0x00000020   Code   RO          624    i.MotoLeftFrontCtrl  motor_drive.o
    0x080063c4   0x080063c4   0x00000020   Code   RO          625    i.MotoRightBackCtrl  motor_drive.o
    0x080063e4   0x080063e4   0x00000020   Code   RO          626    i.MotoRightFrontCtrl  motor_drive.o
    0x08006404   0x08006404   0x000000b8   Code   RO          891    i.MusicProcess      music.o
    0x080064bc   0x080064bc   0x00000002   Code   RO         1460    i.NMI_Handler       stm32f1xx_it.o
    0x080064be   0x080064be   0x000003ac   Code   RO         1714    i.PCD_EP_ISR_Handler  stm32f1xx_hal_pcd.o
    0x0800686a   0x0800686a   0x00000002   Code   RO         1461    i.PendSV_Handler    stm32f1xx_it.o
    0x0800686c   0x0800686c   0x00000064   Code   RO          472    i.RcvDataFromUSB    usb_uart.o
    0x080068d0   0x080068d0   0x00000002   Code   RO         1462    i.SVC_Handler       stm32f1xx_it.o
    0x080068d2   0x080068d2   0x00000002   PAD
    0x080068d4   0x080068d4   0x00000034   Code   RO          473    i.SendDataToUSB     usb_uart.o
    0x08006908   0x08006908   0x00000044   Code   RO           20    i.ShowLED           common.o
    0x0800694c   0x0800694c   0x0000002c   Code   RO          355    i.StartAllUartDMAReceive  uart_dma.o
    0x08006978   0x08006978   0x00000050   Code   RO          627    i.StopAllMoto       motor_drive.o
    0x080069c8   0x080069c8   0x00000004   Code   RO         1463    i.SysTick_Handler   stm32f1xx_it.o
    0x080069cc   0x080069cc   0x0000007e   Code   RO         1147    i.SystemClock_Config  main.o
    0x08006a4a   0x08006a4a   0x00000002   Code   RO         5170    i.SystemInit        system_stm32f1xx.o
    0x08006a4c   0x08006a4c   0x00000078   Code   RO           21    i.SystemModeCtrl    common.o
    0x08006ac4   0x08006ac4   0x00000030   Code   RO           22    i.System_Init       common.o
    0x08006af4   0x08006af4   0x0000000c   Code   RO         1464    i.TIM6_IRQHandler   stm32f1xx_it.o
    0x08006b00   0x08006b00   0x0000000c   Code   RO         1465    i.TIM7_IRQHandler   stm32f1xx_it.o
    0x08006b0c   0x08006b0c   0x0000008c   Code   RO         3928    i.TIM_Base_SetConfig  stm32f1xx_hal_tim.o
    0x08006b98   0x08006b98   0x0000001a   Code   RO         3929    i.TIM_CCxChannelCmd  stm32f1xx_hal_tim.o
    0x08006bb2   0x08006bb2   0x00000014   Code   RO         3939    i.TIM_ETR_SetConfig  stm32f1xx_hal_tim.o
    0x08006bc6   0x08006bc6   0x00000010   Code   RO         3940    i.TIM_ITRx_SetConfig  stm32f1xx_hal_tim.o
    0x08006bd6   0x08006bd6   0x00000002   PAD
    0x08006bd8   0x08006bd8   0x00000060   Code   RO         3941    i.TIM_OC1_SetConfig  stm32f1xx_hal_tim.o
    0x08006c38   0x08006c38   0x0000006c   Code   RO         3942    i.TIM_OC2_SetConfig  stm32f1xx_hal_tim.o
    0x08006ca4   0x08006ca4   0x00000068   Code   RO         3943    i.TIM_OC3_SetConfig  stm32f1xx_hal_tim.o
    0x08006d0c   0x08006d0c   0x00000050   Code   RO         3944    i.TIM_OC4_SetConfig  stm32f1xx_hal_tim.o
    0x08006d5c   0x08006d5c   0x00000022   Code   RO         3946    i.TIM_TI1_ConfigInputStage  stm32f1xx_hal_tim.o
    0x08006d7e   0x08006d7e   0x00000024   Code   RO         3948    i.TIM_TI2_ConfigInputStage  stm32f1xx_hal_tim.o
    0x08006da2   0x08006da2   0x00000010   Code   RO         4849    i.UART_DMAAbortOnError  stm32f1xx_hal_uart.o
    0x08006db2   0x08006db2   0x0000004a   Code   RO         4850    i.UART_DMAError     stm32f1xx_hal_uart.o
    0x08006dfc   0x08006dfc   0x00000086   Code   RO         4851    i.UART_DMAReceiveCplt  stm32f1xx_hal_uart.o
    0x08006e82   0x08006e82   0x0000001e   Code   RO         4853    i.UART_DMARxHalfCplt  stm32f1xx_hal_uart.o
    0x08006ea0   0x08006ea0   0x00000042   Code   RO         4855    i.UART_DMATransmitCplt  stm32f1xx_hal_uart.o
    0x08006ee2   0x08006ee2   0x0000000a   Code   RO         4857    i.UART_DMATxHalfCplt  stm32f1xx_hal_uart.o
    0x08006eec   0x08006eec   0x0000004e   Code   RO         4859    i.UART_EndRxTransfer  stm32f1xx_hal_uart.o
    0x08006f3a   0x08006f3a   0x0000001c   Code   RO         4860    i.UART_EndTxTransfer  stm32f1xx_hal_uart.o
    0x08006f56   0x08006f56   0x000000c2   Code   RO         4861    i.UART_Receive_IT   stm32f1xx_hal_uart.o
    0x08007018   0x08007018   0x000000b8   Code   RO         4862    i.UART_SetConfig    stm32f1xx_hal_uart.o
    0x080070d0   0x080070d0   0x00000090   Code   RO         4863    i.UART_Start_Receive_DMA  stm32f1xx_hal_uart.o
    0x08007160   0x08007160   0x00000036   Code   RO         4864    i.UART_Start_Receive_IT  stm32f1xx_hal_uart.o
    0x08007196   0x08007196   0x00000078   Code   RO         4865    i.UART_WaitOnFlagUntilTimeout  stm32f1xx_hal_uart.o
    0x0800720e   0x0800720e   0x00000002   PAD
    0x08007210   0x08007210   0x00000018   Code   RO         1466    i.USART1_IRQHandler  stm32f1xx_it.o
    0x08007228   0x08007228   0x00000018   Code   RO         1467    i.USART2_IRQHandler  stm32f1xx_it.o
    0x08007240   0x08007240   0x00000018   Code   RO         1468    i.USART3_IRQHandler  stm32f1xx_it.o
    0x08007258   0x08007258   0x00000046   Code   RO         5839    i.USBD_CDC_DataIn   usbd_cdc.o
    0x0800729e   0x0800729e   0x0000002e   Code   RO         5840    i.USBD_CDC_DataOut  usbd_cdc.o
    0x080072cc   0x080072cc   0x00000044   Code   RO         5841    i.USBD_CDC_DeInit   usbd_cdc.o
    0x08007310   0x08007310   0x00000024   Code   RO         5842    i.USBD_CDC_EP0_RxReady  usbd_cdc.o
    0x08007334   0x08007334   0x0000000c   Code   RO         5843    i.USBD_CDC_GetDeviceQualifierDescriptor  usbd_cdc.o
    0x08007340   0x08007340   0x0000000c   Code   RO         5844    i.USBD_CDC_GetFSCfgDesc  usbd_cdc.o
    0x0800734c   0x0800734c   0x0000000c   Code   RO         5845    i.USBD_CDC_GetHSCfgDesc  usbd_cdc.o
    0x08007358   0x08007358   0x0000000c   Code   RO         5846    i.USBD_CDC_GetOtherSpeedCfgDesc  usbd_cdc.o
    0x08007364   0x08007364   0x00000094   Code   RO         5847    i.USBD_CDC_Init     usbd_cdc.o
    0x080073f8   0x080073f8   0x00000028   Code   RO         5848    i.USBD_CDC_ReceivePacket  usbd_cdc.o
    0x08007420   0x08007420   0x00000010   Code   RO         5849    i.USBD_CDC_RegisterInterface  usbd_cdc.o
    0x08007430   0x08007430   0x0000000c   Code   RO         5850    i.USBD_CDC_SetRxBuffer  usbd_cdc.o
    0x0800743c   0x0800743c   0x00000010   Code   RO         5851    i.USBD_CDC_SetTxBuffer  usbd_cdc.o
    0x0800744c   0x0800744c   0x000000ac   Code   RO         5852    i.USBD_CDC_Setup    usbd_cdc.o
    0x080074f8   0x080074f8   0x00000036   Code   RO         5853    i.USBD_CDC_TransmitPacket  usbd_cdc.o
    0x0800752e   0x0800752e   0x0000000e   Code   RO         5576    i.USBD_ClrClassConfig  usbd_core.o
    0x0800753c   0x0800753c   0x00000010   Code   RO         5779    i.USBD_CtlContinueRx  usbd_ioreq.o
    0x0800754c   0x0800754c   0x00000010   Code   RO         5780    i.USBD_CtlContinueSendData  usbd_ioreq.o
    0x0800755c   0x0800755c   0x00000016   Code   RO         5714    i.USBD_CtlError     usbd_ctlreq.o
    0x08007572   0x08007572   0x0000001e   Code   RO         5781    i.USBD_CtlPrepareRx  usbd_ioreq.o
    0x08007590   0x08007590   0x00000016   Code   RO         5782    i.USBD_CtlReceiveStatus  usbd_ioreq.o
    0x080075a6   0x080075a6   0x0000001a   Code   RO         5783    i.USBD_CtlSendData  usbd_ioreq.o
    0x080075c0   0x080075c0   0x00000016   Code   RO         5784    i.USBD_CtlSendStatus  usbd_ioreq.o
    0x080075d6   0x080075d6   0x00000002   PAD
    0x080075d8   0x080075d8   0x00000020   Code   RO         5239    i.USBD_FS_ConfigStrDescriptor  usbd_desc.o
    0x080075f8   0x080075f8   0x0000000c   Code   RO         5240    i.USBD_FS_DeviceDescriptor  usbd_desc.o
    0x08007604   0x08007604   0x00000024   Code   RO         5241    i.USBD_FS_InterfaceStrDescriptor  usbd_desc.o
    0x08007628   0x08007628   0x0000000c   Code   RO         5242    i.USBD_FS_LangIDStrDescriptor  usbd_desc.o
    0x08007634   0x08007634   0x00000028   Code   RO         5243    i.USBD_FS_ManufacturerStrDescriptor  usbd_desc.o
    0x0800765c   0x0800765c   0x0000002c   Code   RO         5244    i.USBD_FS_ProductStrDescriptor  usbd_desc.o
    0x08007688   0x08007688   0x00000038   Code   RO         5245    i.USBD_FS_SerialStrDescriptor  usbd_desc.o
    0x080076c0   0x080076c0   0x000000e8   Code   RO         5715    i.USBD_GetDescriptor  usbd_ctlreq.o
    0x080077a8   0x080077a8   0x00000048   Code   RO         5716    i.USBD_GetString    usbd_ctlreq.o
    0x080077f0   0x080077f0   0x00000018   Code   RO         5378    i.USBD_Get_USB_Status  usbd_conf.o
    0x08007808   0x08007808   0x0000002a   Code   RO         5578    i.USBD_Init         usbd_core.o
    0x08007832   0x08007832   0x00000012   Code   RO         5379    i.USBD_LL_ClearStallEP  usbd_conf.o
    0x08007844   0x08007844   0x00000012   Code   RO         5380    i.USBD_LL_CloseEP   usbd_conf.o
    0x08007856   0x08007856   0x000000c6   Code   RO         5579    i.USBD_LL_DataInStage  usbd_core.o
    0x0800791c   0x0800791c   0x00000082   Code   RO         5580    i.USBD_LL_DataOutStage  usbd_core.o
    0x0800799e   0x0800799e   0x00000008   Code   RO         5384    i.USBD_LL_GetRxDataSize  usbd_conf.o
    0x080079a6   0x080079a6   0x00000002   PAD
    0x080079a8   0x080079a8   0x00000080   Code   RO         5385    i.USBD_LL_Init      usbd_conf.o
    0x08007a28   0x08007a28   0x00000020   Code   RO         5386    i.USBD_LL_IsStallEP  usbd_conf.o
    0x08007a48   0x08007a48   0x00000018   Code   RO         5387    i.USBD_LL_OpenEP    usbd_conf.o
    0x08007a60   0x08007a60   0x00000012   Code   RO         5388    i.USBD_LL_PrepareReceive  usbd_conf.o
    0x08007a72   0x08007a72   0x00000050   Code   RO         5585    i.USBD_LL_Reset     usbd_core.o
    0x08007ac2   0x08007ac2   0x00000014   Code   RO         5586    i.USBD_LL_Resume    usbd_core.o
    0x08007ad6   0x08007ad6   0x00000018   Code   RO         5587    i.USBD_LL_SOF       usbd_core.o
    0x08007aee   0x08007aee   0x00000006   Code   RO         5588    i.USBD_LL_SetSpeed  usbd_core.o
    0x08007af4   0x08007af4   0x00000012   Code   RO         5389    i.USBD_LL_SetUSBAddress  usbd_conf.o
    0x08007b06   0x08007b06   0x0000005a   Code   RO         5589    i.USBD_LL_SetupStage  usbd_core.o
    0x08007b60   0x08007b60   0x00000012   Code   RO         5390    i.USBD_LL_StallEP   usbd_conf.o
    0x08007b72   0x08007b72   0x00000012   Code   RO         5391    i.USBD_LL_Start     usbd_conf.o
    0x08007b84   0x08007b84   0x00000012   Code   RO         5590    i.USBD_LL_Suspend   usbd_core.o
    0x08007b96   0x08007b96   0x00000012   Code   RO         5393    i.USBD_LL_Transmit  usbd_conf.o
    0x08007ba8   0x08007ba8   0x00000028   Code   RO         5717    i.USBD_ParseSetupRequest  usbd_ctlreq.o
    0x08007bd0   0x08007bd0   0x00000010   Code   RO         5591    i.USBD_RegisterClass  usbd_core.o
    0x08007be0   0x08007be0   0x00000016   Code   RO         5593    i.USBD_SetClassConfig  usbd_core.o
    0x08007bf6   0x08007bf6   0x00000002   PAD
    0x08007bf8   0x08007bf8   0x00000084   Code   RO         5718    i.USBD_SetConfig    usbd_ctlreq.o
    0x08007c7c   0x08007c7c   0x0000000a   Code   RO         5594    i.USBD_Start        usbd_core.o
    0x08007c86   0x08007c86   0x00000112   Code   RO         5719    i.USBD_StdDevReq    usbd_ctlreq.o
    0x08007d98   0x08007d98   0x00000150   Code   RO         5720    i.USBD_StdEPReq     usbd_ctlreq.o
    0x08007ee8   0x08007ee8   0x0000004e   Code   RO         5721    i.USBD_StdItfReq    usbd_ctlreq.o
    0x08007f36   0x08007f36   0x00000002   Code   RO         5394    i.USBD_static_free  usbd_conf.o
    0x08007f38   0x08007f38   0x00000008   Code   RO         5395    i.USBD_static_malloc  usbd_conf.o
    0x08007f40   0x08007f40   0x00000064   Code   RO          474    i.USBTxDataDMA      usb_uart.o
    0x08007fa4   0x08007fa4   0x0000029c   Code   RO         1957    i.USB_ActivateEndpoint  stm32f1xx_ll_usb.o
    0x08008240   0x08008240   0x00000004   Code   RO         1960    i.USB_CoreInit      stm32f1xx_ll_usb.o
    0x08008244   0x08008244   0x0000010e   Code   RO         1962    i.USB_DeactivateEndpoint  stm32f1xx_ll_usb.o
    0x08008352   0x08008352   0x00000004   Code   RO         1963    i.USB_DevConnect    stm32f1xx_ll_usb.o
    0x08008356   0x08008356   0x00000004   Code   RO         1964    i.USB_DevDisconnect  stm32f1xx_ll_usb.o
    0x0800835a   0x0800835a   0x00000012   Code   RO         1965    i.USB_DevInit       stm32f1xx_ll_usb.o
    0x0800836c   0x0800836c   0x0000000e   Code   RO         1966    i.USB_DisableGlobalInt  stm32f1xx_ll_usb.o
    0x0800837a   0x0800837a   0x00000004   Code   RO         1967    i.USB_EP0_OutStart  stm32f1xx_ll_usb.o
    0x0800837e   0x0800837e   0x00000078   Code   RO         1968    i.USB_EPClearStall  stm32f1xx_ll_usb.o
    0x080083f6   0x080083f6   0x00000032   Code   RO         1969    i.USB_EPSetStall    stm32f1xx_ll_usb.o
    0x08008428   0x08008428   0x000004e2   Code   RO         1970    i.USB_EPStartXfer   stm32f1xx_ll_usb.o
    0x0800890a   0x0800890a   0x00000012   Code   RO         1972    i.USB_EnableGlobalInt  stm32f1xx_ll_usb.o
    0x0800891c   0x0800891c   0x0000000c   Code   RO         1469    i.USB_LP_CAN1_RX0_IRQHandler  stm32f1xx_it.o
    0x08008928   0x08008928   0x00000006   Code   RO         1979    i.USB_ReadInterrupts  stm32f1xx_ll_usb.o
    0x0800892e   0x0800892e   0x00000002   PAD
    0x08008930   0x08008930   0x0000002c   Code   RO         1980    i.USB_ReadPMA       stm32f1xx_ll_usb.o
    0x0800895c   0x0800895c   0x000000dc   Code   RO           23    i.USB_RxDataCallback  common.o
    0x08008a38   0x08008a38   0x00000004   Code   RO         1981    i.USB_SetCurrentMode  stm32f1xx_ll_usb.o
    0x08008a3c   0x08008a3c   0x0000000c   Code   RO         1982    i.USB_SetDevAddress  stm32f1xx_ll_usb.o
    0x08008a48   0x08008a48   0x00000026   Code   RO         1984    i.USB_WritePMA      stm32f1xx_ll_usb.o
    0x08008a6e   0x08008a6e   0x00000002   PAD
    0x08008a70   0x08008a70   0x00000064   Code   RO          689    i.UartCtrl_RxDataCallback  car_drive.o
    0x08008ad4   0x08008ad4   0x0000008c   Code   RO          358    i.UartTxDataDMA     uart_dma.o
    0x08008b60   0x08008b60   0x0000009c   Code   RO          359    i.Uart_DMA_Init     uart_dma.o
    0x08008bfc   0x08008bfc   0x00000038   Code   RO          360    i.Uart_RxDataCallback  uart_dma.o
    0x08008c34   0x08008c34   0x000000f8   Code   RO          361    i.Uart_RxIDLE_Handler  uart_dma.o
    0x08008d2c   0x08008d2c   0x00000002   Code   RO         1470    i.UsageFault_Handler  stm32f1xx_it.o
    0x08008d2e   0x08008d2e   0x00000002   PAD
    0x08008d30   0x08008d30   0x00000048   Code   RO          475    i.Usb2UartInit      usb_uart.o
    0x08008d78   0x08008d78   0x00000086   Code   RO          690    i.UserCmdParse      car_drive.o
    0x08008dfe   0x08008dfe   0x00000002   PAD
    0x08008e00   0x08008e00   0x0000016c   Code   RO          691    i.UserConfigCallback  car_drive.o
    0x08008f6c   0x08008f6c   0x00000260   Code   RO          692    i.UserCtrlCmdCallback  car_drive.o
    0x080091cc   0x080091cc   0x0000003c   Code   RO         1050    i.UserDataInitFromFlash  user_flash.o
    0x08009208   0x08009208   0x0000001c   Code   RO         1051    i.UserFlashCheck    user_flash.o
    0x08009224   0x08009224   0x00000034   Code   RO         1052    i.UserFlashDataWrite  user_flash.o
    0x08009258   0x08009258   0x00000138   Code   RO          693    i.UserManualCtrlCallback  car_drive.o
    0x08009390   0x08009390   0x00000040   Code   RO           24    i.UserTasks         common.o
    0x080093d0   0x080093d0   0x0000003a   Code   RO         1053    i.WriteFlashData    user_flash.o
    0x0800940a   0x0800940a   0x00000002   PAD
    0x0800940c   0x0800940c   0x00000020   Code   RO         6196    i.__0printf         mc_w.l(printfa.o)
    0x0800942c   0x0800942c   0x00000028   Code   RO         6198    i.__0sprintf        mc_w.l(printfa.o)
    0x08009454   0x08009454   0x00000020   Code   RO         2633    i.__NVIC_SetPriority  stm32f1xx_hal_cortex.o
    0x08009474   0x08009474   0x00000024   Code   RO           25    i.__NVIC_SystemReset  common.o
    0x08009498   0x08009498   0x0000000e   Code   RO         6290    i.__scatterload_copy  mc_w.l(handlers.o)
    0x080094a6   0x080094a6   0x00000002   Code   RO         6291    i.__scatterload_null  mc_w.l(handlers.o)
    0x080094a8   0x080094a8   0x0000000e   Code   RO         6292    i.__scatterload_zeroinit  mc_w.l(handlers.o)
    0x080094b6   0x080094b6   0x00000002   PAD
    0x080094b8   0x080094b8   0x00000184   Code   RO         6203    i._fp_digits        mc_w.l(printfa.o)
    0x0800963c   0x0800963c   0x000006dc   Code   RO         6204    i._printf_core      mc_w.l(printfa.o)
    0x08009d18   0x08009d18   0x00000024   Code   RO         6205    i._printf_post_padding  mc_w.l(printfa.o)
    0x08009d3c   0x08009d3c   0x0000002e   Code   RO         6206    i._printf_pre_padding  mc_w.l(printfa.o)
    0x08009d6a   0x08009d6a   0x0000000a   Code   RO         6208    i._sputc            mc_w.l(printfa.o)
    0x08009d74   0x08009d74   0x00000018   Code   RO           26    i.fputc             common.o
    0x08009d8c   0x08009d8c   0x000000b0   Code   RO         1106    i.led_matrix_init   led_matrix.o
    0x08009e3c   0x08009e3c   0x00000046   Code   RO         1148    i.main              main.o
    0x08009e82   0x08009e82   0x00000002   PAD
    0x08009e84   0x08009e84   0x00000028   Code   RO         1107    i.move_led_matrix   led_matrix.o
    0x08009eac   0x08009eac   0x00000128   Code   RO         1108    i.show_led_matrix   led_matrix.o
    0x08009fd4   0x08009fd4   0x00000040   Data   RO          294    .constdata          esp32.o
    0x0800a014   0x0800a014   0x00000100   Data   RO          363    .constdata          uart_dma.o
    0x0800a114   0x0800a114   0x000001e8   Data   RO          894    .constdata          music.o
    0x0800a2fc   0x0800a2fc   0x00000012   Data   RO         2331    .constdata          stm32f1xx_hal_rcc.o
    0x0800a30e   0x0800a30e   0x00000010   Data   RO         5171    .constdata          system_stm32f1xx.o
    0x0800a31e   0x0800a31e   0x00000008   Data   RO         5172    .constdata          system_stm32f1xx.o
    0x0800a326   0x0800a326   0x00000002   PAD
    0x0800a328   0x0800a328   0x00000020   Data   RO         6288    Region$$Table       anon$$obj.o


    Execution Region RW_IRAM1 (Exec base: 0x20000000, Load base: 0x0800a348, Size: 0x00003aa8, Max: 0x0000c000, ABSOLUTE, COMPRESSED[0x00000264])

    Exec Addr    Load Addr    Size         Type   Attr      Idx    E Section Name        Object

    0x20000000   COMPRESSED   0x0000002c   Data   RW           28    .data               common.o
    0x2000002c   COMPRESSED   0x00000002   Data   RW          295    .data               esp32.o
    0x2000002e   COMPRESSED   0x00000001   Data   RW          364    .data               uart_dma.o
    0x2000002f   COMPRESSED   0x00000001   PAD
    0x20000030   COMPRESSED   0x00000004   Data   RW          573    .data               ir_track.o
    0x20000034   COMPRESSED   0x000004a0   Data   RW          695    .data               car_drive.o
    0x200004d4   COMPRESSED   0x0000000c   Data   RW          813    .data               oled_i2c.o
    0x200004e0   COMPRESSED   0x00000010   Data   RW          895    .data               music.o
    0x200004f0   COMPRESSED   0x00000002   Data   RW         1019    .data               btn.o
    0x200004f2   COMPRESSED   0x00000002   PAD
    0x200004f4   COMPRESSED   0x000000b8   Data   RW         1110    .data               led_matrix.o
    0x200005ac   COMPRESSED   0x0000000c   Data   RW         2168    .data               stm32f1xx_hal.o
    0x200005b8   COMPRESSED   0x00000004   Data   RW         5173    .data               system_stm32f1xx.o
    0x200005bc   COMPRESSED   0x0000001c   Data   RW         5247    .data               usbd_desc.o
    0x200005d8   COMPRESSED   0x00000032   Data   RW         5248    .data               usbd_desc.o
    0x2000060a   COMPRESSED   0x00000002   PAD
    0x2000060c   COMPRESSED   0x00000010   Data   RW         5318    .data               usbd_cdc_if.o
    0x2000061c   COMPRESSED   0x00000001   Data   RW         5722    .data               usbd_ctlreq.o
    0x2000061d   COMPRESSED   0x00000003   PAD
    0x20000620   COMPRESSED   0x000000d7   Data   RW         5854    .data               usbd_cdc.o
    0x200006f7   COMPRESSED   0x00000001   PAD
    0x200006f8   COMPRESSED   0x00000038   Data   RW         5855    .data               usbd_cdc.o
    0x20000730   COMPRESSED   0x00000004   Data   RW         6266    .data               mc_w.l(stdout.o)
    0x20000734        -       0x00000019   Zero   RW           27    .bss                common.o
    0x2000074d   COMPRESSED   0x00000003   PAD
    0x20000750        -       0x00001a40   Zero   RW          362    .bss                uart_dma.o
    0x20002190        -       0x0000046c   Zero   RW          476    .bss                usb_uart.o
    0x200025fc        -       0x00000094   Zero   RW          572    .bss                ir_track.o
    0x20002690        -       0x0000006c   Zero   RW          694    .bss                car_drive.o
    0x200026fc        -       0x00000100   Zero   RW          811    .bss                oled_i2c.o
    0x200027fc        -       0x00000058   Zero   RW          983    .bss                angle_kalman_filter.o
    0x20002854        -       0x00000074   Zero   RW         1215    .bss                adc.o
    0x200028c8        -       0x00000098   Zero   RW         1281    .bss                i2c.o
    0x20002960        -       0x00000168   Zero   RW         1328    .bss                tim.o
    0x20002ac8        -       0x000001e8   Zero   RW         1397    .bss                usart.o
    0x20002cb0        -       0x00000020   Zero   RW         2874    .bss                stm32f1xx_hal_flash.o
    0x20002cd0        -       0x000002c4   Zero   RW         5208    .bss                usb_device.o
    0x20002f94        -       0x00000200   Zero   RW         5246    .bss                usbd_desc.o
    0x20003194        -       0x00000510   Zero   RW         5396    .bss                usbd_conf.o
    0x200036a4   COMPRESSED   0x00000004   PAD
    0x200036a8        -       0x00000400   Zero   RW            1    STACK               startup_stm32f103xe.o


==============================================================================

Image component sizes


      Code (inc. data)   RO Data    RW Data    ZI Data      Debug   Object Name

       360         36          0          0        116       1971   adc.o
       680         12          0          0         88       2689   angle_kalman_filter.o
        88         18          0          2          0       1169   btn.o
      2402        462          0       1184        108      13375   car_drive.o
      1166        218          0         44         25     580339   common.o
       124          4          0          0          0        850   dma.o
       328         34         64          2          0       2325   esp32.o
       392         24          0          0          0       1119   gpio.o
       224         34          0          0        152       1834   i2c.o
       248         34          0          4        148       3797   ir_track.o
       512         20          0        184          0       2794   led_matrix.o
       200          0          0          0          0       2168   main.o
       208         34          0          0          0       2606   motor_drive.o
       184         10        488         16          0       1761   music.o
        92          8          0         12        256       1706   oled_i2c.o
        36          8        304          0       1024        828   startup_stm32f103xe.o
       164         28          0         12          0       6721   stm32f1xx_hal.o
      1444         60          0          0          0      10574   stm32f1xx_hal_adc.o
         2          0          0          0          0       1109   stm32f1xx_hal_adc_ex.o
       198         14          0          0          0      29099   stm32f1xx_hal_cortex.o
      1242         52          0          0          0       5885   stm32f1xx_hal_dma.o
       392         46          0          0         32       4938   stm32f1xx_hal_flash.o
       240         26          0          0          0       3349   stm32f1xx_hal_flash_ex.o
       564         48          0          0          0       4887   stm32f1xx_hal_gpio.o
      4694         70          0          0          0      28257   stm32f1xx_hal_i2c.o
        60          8          0          0          0        922   stm32f1xx_hal_msp.o
      3094          0          0          0          0      14693   stm32f1xx_hal_pcd.o
        60          0          0          0          0       1226   stm32f1xx_hal_pcd_ex.o
      1240         84         18          0          0       5268   stm32f1xx_hal_rcc.o
       236         12          0          0          0       1436   stm32f1xx_hal_rcc_ex.o
      2092        106          0          0          0      18188   stm32f1xx_hal_tim.o
       212         20          0          0          0       3317   stm32f1xx_hal_tim_ex.o
      2188         38          0          0          0      17501   stm32f1xx_hal_uart.o
       236         84          0          0          0      11714   stm32f1xx_it.o
      2528          0          0          0          0      16587   stm32f1xx_ll_usb.o
         2          0         24          4          0       1191   system_stm32f1xx.o
      1108         92          0          0        360       5512   tim.o
      1350        130        256          1       6720      11006   uart_dma.o
       680         60          0          0        488       3596   usart.o
        84         18          0          0        708        844   usb_device.o
       572         60          0          0       1132      11419   usb_uart.o
       726         16          0        271          0      13514   usbd_cdc.o
        74          6          0         16          0       3500   usbd_cdc_if.o
       556         30          0          0       1296      14845   usbd_conf.o
       670          0          0          0          0       9823   usbd_core.o
      1186         28          0          1          0       8156   usbd_ctlreq.o
       288        104          0         78        512       6185   usbd_desc.o
       132          0          0          0          0       4504   usbd_ioreq.o
       236         24          0          0          0       3965   user_flash.o

    ----------------------------------------------------------------------
     35852       2220       1188       1840      13172     905062   Object Totals
         0          0         32          0          0          0   (incl. Generated)
        58          0          2          9          7          0   (incl. Padding)

    ----------------------------------------------------------------------

      Code (inc. data)   RO Data    RW Data    ZI Data      Debug   Library Member Name

        86          0          0          0          0          0   __dczerorl2.o
         0          0          0          0          0          0   entry.o
         0          0          0          0          0          0   entry10a.o
         0          0          0          0          0          0   entry11a.o
         8          4          0          0          0          0   entry2.o
         4          0          0          0          0          0   entry5.o
         0          0          0          0          0          0   entry7b.o
         0          0          0          0          0          0   entry8b.o
         8          4          0          0          0          0   entry9a.o
        30          0          0          0          0          0   handlers.o
        36          8          0          0          0         68   init.o
         0          0          0          0          0          0   iusefp.o
        30          0          0          0          0         68   llshl.o
        36          0          0          0          0         68   llsshr.o
        32          0          0          0          0         68   llushr.o
        36          0          0          0          0         68   memcpya.o
        36          0          0          0          0        108   memseta.o
      2308         96          0          0          0        604   printfa.o
         0          0          0          4          0          0   stdout.o
        24          0          0          0          0         68   strcat.o
        28          0          0          0          0         76   strcmp.o
        14          0          0          0          0         68   strlen.o
        30          0          0          0          0         80   strncmp.o
        44          0          0          0          0         80   uidiv.o
        98          0          0          0          0         92   uldiv.o
        48          0          0          0          0         68   cdrcmple.o
        56          0          0          0          0         88   d2f.o
       334          0          0          0          0        148   dadd.o
       222          0          0          0          0        100   ddiv.o
       186          0          0          0          0        176   depilogue.o
        62          0          0          0          0         80   dfixi.o
        48          0          0          0          0         68   dfixul.o
        34          0          0          0          0         76   dflti.o
       228          0          0          0          0         96   dmul.o
        38          0          0          0          0         68   f2d.o
       176          0          0          0          0        140   fadd.o
       124          0          0          0          0         88   fdiv.o
       110          0          0          0          0        168   fepilogue.o
        50          0          0          0          0         68   ffixi.o
        18          0          0          0          0         68   fflti.o
        10          0          0          0          0         68   ffltui.o
       100          0          0          0          0         76   fmul.o
        24          0          0          0          0         68   fscalb.o

    ----------------------------------------------------------------------
      4760        112          0          4          0       3228   Library Totals
         4          0          0          0          0          0   (incl. Padding)

    ----------------------------------------------------------------------

      Code (inc. data)   RO Data    RW Data    ZI Data      Debug   Library Name

      2888        112          0          4          0       1516   mc_w.l
      1868          0          0          0          0       1712   mf_w.l

    ----------------------------------------------------------------------
      4760        112          0          4          0       3228   Library Totals

    ----------------------------------------------------------------------

==============================================================================


      Code (inc. data)   RO Data    RW Data    ZI Data      Debug   

     40612       2332       1188       1844      13172     888190   Grand Totals
     40612       2332       1188        612      13172     888190   ELF Image Totals (compressed)
     40612       2332       1188        612          0          0   ROM Totals

==============================================================================

    Total RO  Size (Code + RO Data)                41800 (  40.82kB)
    Total RW  Size (RW Data + ZI Data)             15016 (  14.66kB)
    Total ROM Size (Code + RO Data + RW Data)      42412 (  41.42kB)

==============================================================================

